Component: ARM Compiler 5.06 update 5 (build 528) Tool: armlink [4d35e2]

==============================================================================

Section Cross References

    main.o(i.cal_RealAngle) refers to myrtc.o(.data) for MyRTC_Time
    main.o(i.key_task) refers to yckey.o(i.YCKey_GetNum) for YCKey_GetNum
    main.o(i.key_task) refers to printfa.o(i.__0printf) for __2printf
    main.o(i.key_task) refers to tasks.o(i.vTaskSuspend) for vTaskSuspend
    main.o(i.key_task) refers to myrtc.o(i.MyRTC_ReadTime) for MyRTC_ReadTime
    main.o(i.key_task) refers to tasks.o(i.vTaskResume) for vTaskResume
    main.o(i.key_task) refers to queue.o(i.xQueueSemaphoreTake) for xQueueSemaphoreTake
    main.o(i.key_task) refers to myrtc.o(i.MyRTC_SetTime) for MyRTC_SetTime
    main.o(i.key_task) refers to queue.o(i.xQueueGenericSend) for xQueueGenericSend
    main.o(i.key_task) refers to tasks.o(i.vTaskDelay) for vTaskDelay
    main.o(i.key_task) refers to main.o(.data) for Run12h_Task_Handler
    main.o(i.key_task) refers to myrtc.o(.data) for MyRTC_Time
    main.o(i.main) refers to systick.o(i.SysTick_Init) for SysTick_Init
    main.o(i.main) refers to misc.o(i.NVIC_PriorityGroupConfig) for NVIC_PriorityGroupConfig
    main.o(i.main) refers to usart.o(i.USART1_Init) for USART1_Init
    main.o(i.main) refers to yckey.o(i.YCKey_Init) for YCKey_Init
    main.o(i.main) refers to tasks.o(i.xTaskCreate) for xTaskCreate
    main.o(i.main) refers to tasks.o(i.vTaskStartScheduler) for vTaskStartScheduler
    main.o(i.main) refers to main.o(.data) for StartTask_Handler
    main.o(i.main) refers to main.o(i.start_task) for start_task
    main.o(i.oled_task) refers to myrtc.o(i.MyRTC_Init) for MyRTC_Init
    main.o(i.oled_task) refers to oled.o(i.OLED_Init) for OLED_Init
    main.o(i.oled_task) refers to oled.o(i.OLED_ShowString) for OLED_ShowString
    main.o(i.oled_task) refers to myrtc.o(i.MyRTC_ReadTime) for MyRTC_ReadTime
    main.o(i.oled_task) refers to oled.o(i.OLED_ShowNum) for OLED_ShowNum
    main.o(i.oled_task) refers to tasks.o(i.vTaskDelay) for vTaskDelay
    main.o(i.oled_task) refers to myrtc.o(.data) for MyRTC_Time
    main.o(i.oled_task) refers to main.o(.data) for mode
    main.o(i.run12h_task) refers to tasks.o(i.vTaskDelay) for vTaskDelay
    main.o(i.run12h_task) refers to f2d.o(.text) for __aeabi_f2d
    main.o(i.run12h_task) refers to dadd.o(.text) for __aeabi_dadd
    main.o(i.run12h_task) refers to d2f.o(.text) for __aeabi_d2f
    main.o(i.run12h_task) refers to cdrcmple.o(.text) for __aeabi_cdrcmple
    main.o(i.run12h_task) refers to printfa.o(i.__0printf) for __2printf
    main.o(i.run12h_task) refers to main.o(.data) for angle
    main.o(i.run60s_task) refers to tasks.o(i.vTaskSuspend) for vTaskSuspend
    main.o(i.run60s_task) refers to tasks.o(i.vTaskDelay) for vTaskDelay
    main.o(i.run60s_task) refers to f2d.o(.text) for __aeabi_f2d
    main.o(i.run60s_task) refers to dadd.o(.text) for __aeabi_dadd
    main.o(i.run60s_task) refers to d2f.o(.text) for __aeabi_d2f
    main.o(i.run60s_task) refers to cdrcmple.o(.text) for __aeabi_cdrcmple
    main.o(i.run60s_task) refers to printfa.o(i.__0printf) for __2printf
    main.o(i.run60s_task) refers to main.o(.data) for angle
    main.o(i.start_task) refers to port.o(i.vPortEnterCritical) for vPortEnterCritical
    main.o(i.start_task) refers to queue.o(i.xQueueCreateMutex) for xQueueCreateMutex
    main.o(i.start_task) refers to tasks.o(i.xTaskCreate) for xTaskCreate
    main.o(i.start_task) refers to tasks.o(i.vTaskDelete) for vTaskDelete
    main.o(i.start_task) refers to port.o(i.vPortExitCritical) for vPortExitCritical
    main.o(i.start_task) refers to main.o(.data) for ModeSem
    main.o(i.start_task) refers to main.o(i.oled_task) for oled_task
    main.o(i.start_task) refers to main.o(i.key_task) for key_task
    main.o(i.start_task) refers to main.o(i.run12h_task) for run12h_task
    main.o(i.start_task) refers to main.o(i.run60s_task) for run60s_task
    startup_stm32f103xb.o(RESET) refers to startup_stm32f103xb.o(STACK) for __initial_sp
    startup_stm32f103xb.o(RESET) refers to startup_stm32f103xb.o(.text) for Reset_Handler
    startup_stm32f103xb.o(RESET) refers to stm32f10x_it.o(i.NMI_Handler) for NMI_Handler
    startup_stm32f103xb.o(RESET) refers to stm32f10x_it.o(i.HardFault_Handler) for HardFault_Handler
    startup_stm32f103xb.o(RESET) refers to stm32f10x_it.o(i.MemManage_Handler) for MemManage_Handler
    startup_stm32f103xb.o(RESET) refers to stm32f10x_it.o(i.BusFault_Handler) for BusFault_Handler
    startup_stm32f103xb.o(RESET) refers to stm32f10x_it.o(i.UsageFault_Handler) for UsageFault_Handler
    startup_stm32f103xb.o(RESET) refers to port.o(.emb_text) for SVC_Handler
    startup_stm32f103xb.o(RESET) refers to stm32f10x_it.o(i.DebugMon_Handler) for DebugMon_Handler
    startup_stm32f103xb.o(RESET) refers to port.o(i.SysTick_Handler) for SysTick_Handler
[...]
    Removing stm32f10x_bkp.o(i.BKP_ClearITPendingBit), (20 bytes).
    Removing stm32f10x_bkp.o(i.BKP_DeInit), (16 bytes).
    Removing stm32f10x_bkp.o(i.BKP_GetFlagStatus), (12 bytes).
    Removing stm32f10x_bkp.o(i.BKP_GetITStatus), (12 bytes).
    Removing stm32f10x_bkp.o(i.BKP_ITConfig), (12 bytes).
    Removing stm32f10x_bkp.o(i.BKP_RTCOutputConfig), (28 bytes).
    Removing stm32f10x_bkp.o(i.BKP_SetRTCCalibrationValue), (28 bytes).
    Removing stm32f10x_bkp.o(i.BKP_TamperPinCmd), (12 bytes).
    Removing stm32f10x_bkp.o(i.BKP_TamperPinLevelConfig), (12 bytes).
    Removing stm32f10x_rtc.o(i.RTC_ClearFlag), (16 bytes).
    Removing stm32f10x_rtc.o(i.RTC_ClearITPendingBit), (16 bytes).
    Removing stm32f10x_rtc.o(i.RTC_GetDivider), (24 bytes).
    Removing stm32f10x_rtc.o(i.RTC_GetFlagStatus), (24 bytes).
    Removing stm32f10x_rtc.o(i.RTC_GetITStatus), (36 bytes).
    Removing stm32f10x_rtc.o(i.RTC_ITConfig), (32 bytes).
    Removing stm32f10x_rtc.o(i.RTC_SetAlarm), (28 bytes).
    Removing stm32f10x_pwr.o(i.PWR_ClearFlag), (20 bytes).
    Removing stm32f10x_pwr.o(i.PWR_DeInit), (22 bytes).
    Removing stm32f10x_pwr.o(i.PWR_EnterSTANDBYMode), (52 bytes).
    Removing stm32f10x_pwr.o(i.PWR_EnterSTOPMode), (64 bytes).
    Removing stm32f10x_pwr.o(i.PWR_GetFlagStatus), (24 bytes).
    Removing stm32f10x_pwr.o(i.PWR_PVDCmd), (12 bytes).
    Removing stm32f10x_pwr.o(i.PWR_PVDLevelConfig), (24 bytes).
    Removing stm32f10x_pwr.o(i.PWR_WakeUpPinCmd), (12 bytes).
    Removing system_stm32f10x.o(i.SystemCoreClockUpdate), (164 bytes).
    Removing core_cm3.o(.emb_text), (32 bytes).
    Removing oled.o(i.OLED_ShowBinNum), (62 bytes).
    Removing oled.o(i.OLED_ShowHexNum), (84 bytes).
    Removing oled.o(i.OLED_ShowSignedNum), (102 bytes).
    Removing systick.o(i.delay_xms), (24 bytes).
    Removing event_groups.o(i.prvTestWaitCondition), (30 bytes).
    Removing event_groups.o(i.vEventGroupClearBitsCallback), (16 bytes).
    Removing event_groups.o(i.vEventGroupDelete), (128 bytes).
    Removing event_groups.o(i.vEventGroupSetBitsCallback), (16 bytes).
    Removing event_groups.o(i.xEventGroupClearBits), (112 bytes).
    Removing event_groups.o(i.xEventGroupCreate), (26 bytes).
    Removing event_groups.o(i.xEventGroupGetBitsFromISR), (44 bytes).
    Removing event_groups.o(i.xEventGroupSetBits), (228 bytes).
    Removing event_groups.o(i.xEventGroupSync), (276 bytes).
    Removing event_groups.o(i.xEventGroupWaitBits), (344 bytes).
    Removing queue.o(i.pcQueueGetName), (96 bytes).
    Removing queue.o(i.prvCopyDataFromQueue), (42 bytes).
    Removing queue.o(i.uxQueueMessagesWaiting), (68 bytes).
    Removing queue.o(i.uxQueueMessagesWaitingFromISR), (64 bytes).
    Removing queue.o(i.uxQueueSpacesAvailable), (76 bytes).
    Removing queue.o(i.vQueueAddToRegistry), (124 bytes).
    Removing queue.o(i.vQueueDelete), (72 bytes).
    Removing queue.o(i.vQueueUnregisterQueue), (100 bytes).
    Removing queue.o(i.xQueueGenericSendFromISR), (284 bytes).
    Removing queue.o(i.xQueueGiveFromISR), (256 bytes).
    Removing queue.o(i.xQueueIsQueueEmptyFromISR), (72 bytes).
    Removing queue.o(i.xQueueIsQueueFullFromISR), (76 bytes).
    Removing queue.o(i.xQueuePeek), (372 bytes).
    Removing queue.o(i.xQueuePeekFromISR), (184 bytes).
    Removing queue.o(i.xQueueReceive), (368 bytes).
    Removing queue.o(i.xQueueReceiveFromISR), (244 bytes).
    Removing queue.o(.bss), (80 bytes).
    Removing stream_buffer.o(i.prvBytesInBuffer), (24 bytes).
    Removing stream_buffer.o(i.prvInitialiseNewStreamBuffer), (120 bytes).
    Removing stream_buffer.o(i.prvReadBytesFromBuffer), (196 bytes).
    Removing stream_buffer.o(i.prvReadMessageFromBuffer), (90 bytes).
    Removing stream_buffer.o(i.prvWriteBytesToBuffer), (200 bytes).
    Removing stream_buffer.o(i.prvWriteMessageToBuffer), (90 bytes).
    Removing stream_buffer.o(i.vStreamBufferDelete), (92 bytes).
    Removing stream_buffer.o(i.xStreamBufferBytesAvailable), (76 bytes).
    Removing stream_buffer.o(i.xStreamBufferGenericCreate), (188 bytes).
    Removing stream_buffer.o(i.xStreamBufferIsEmpty), (88 bytes).
    Removing stream_buffer.o(i.xStreamBufferIsFull), (104 bytes).
    Removing stream_buffer.o(i.xStreamBufferNextMessageLengthBytes), (132 bytes).
    Removing stream_buffer.o(i.xStreamBufferReceive), (272 bytes).
    Removing stream_buffer.o(i.xStreamBufferReceiveCompletedFromISR), (140 bytes).
    Removing stream_buffer.o(i.xStreamBufferReceiveFromISR), (208 bytes).
    Removing stream_buffer.o(i.xStreamBufferReset), (104 bytes).
    Removing stream_buffer.o(i.xStreamBufferSend), (352 bytes).
    Removing stream_buffer.o(i.xStreamBufferSendCompletedFromISR), (140 bytes).
    Removing stream_buffer.o(i.xStreamBufferSendFromISR), (212 bytes).
    Removing stream_buffer.o(i.xStreamBufferSetTriggerLevel), (92 bytes).
    Removing stream_buffer.o(i.xStreamBufferSpacesAvailable), (104 bytes).
    Removing tasks.o(i.eTaskGetState), (188 bytes).
    Removing tasks.o(i.pcTaskGetName), (76 bytes).
    Removing tasks.o(i.ulTaskGenericNotifyTake), (196 bytes).
    Removing tasks.o(i.ulTaskGenericNotifyValueClear), (64 bytes).
    Removing tasks.o(i.uxTaskGetNumberOfTasks), (12 bytes).
    Removing tasks.o(i.uxTaskPriorityGet), (36 bytes).
    Removing tasks.o(i.uxTaskPriorityGetFromISR), (68 bytes).
    Removing tasks.o(i.uxTaskResetEventItemValue), (28 bytes).
    Removing tasks.o(i.vTaskEndScheduler), (36 bytes).
    Removing tasks.o(i.vTaskGenericNotifyGiveFromISR), (404 bytes).
    Removing tasks.o(i.vTaskPlaceOnUnorderedEventList), (160 bytes).
    Removing tasks.o(i.vTaskPrioritySet), (356 bytes).
    Removing tasks.o(i.vTaskRemoveFromUnorderedEventList), (288 bytes).
    Removing tasks.o(i.vTaskSetTimeOutState), (84 bytes).
    Removing tasks.o(i.xTaskCatchUpTicks), (100 bytes).
    Removing tasks.o(i.xTaskDelayUntil), (220 bytes).
    Removing tasks.o(i.xTaskGenericNotify), (460 bytes).
    Removing tasks.o(i.xTaskGenericNotifyFromISR), (544 bytes).
    Removing tasks.o(i.xTaskGenericNotifyStateClear), (120 bytes).
    Removing tasks.o(i.xTaskGenericNotifyWait), (232 bytes).
    Removing tasks.o(i.xTaskGetCurrentTaskHandle), (12 bytes).
    Removing tasks.o(i.xTaskGetTickCount), (12 bytes).
    Removing tasks.o(i.xTaskGetTickCountFromISR), (20 bytes).
    Removing tasks.o(i.xTaskResumeFromISR), (268 bytes).
    Removing heap_4.o(i.vPortGetHeapStats), (128 bytes).
    Removing heap_4.o(i.vPortInitialiseBlocks), (2 bytes).
    Removing heap_4.o(i.xPortGetFreeHeapSize), (12 bytes).
    Removing heap_4.o(i.xPortGetMinimumEverFreeHeapSize), (12 bytes).
    Removing port.o(i.vPortEndScheduler), (96 bytes).
    Removing port.o(i.vPortValidateInterruptPriority), (156 bytes).

274 unused section(s) (total 18754 bytes) removed from the image.

==============================================================================

Image Symbol Table

    Local Symbols

    Symbol Name                              Value     Ov Type        Size  Object(Section)

    ../clib/microlib/division.c              0x00000000   Number         0  uidiv.o ABSOLUTE
    ../clib/microlib/division.c              0x00000000   Number         0  uldiv.o ABSOLUTE
    ../clib/microlib/init/entry.s            0x00000000   Number         0  entry2.o ABSOLUTE
    ../clib/microlib/init/entry.s            0x00000000   Number         0  entry5.o ABSOLUTE
    ../clib/microlib/init/entry.s            0x00000000   Number         0  entry7a.o ABSOLUTE
    ../clib/microlib/init/entry.s            0x00000000   Number         0  entry7b.o ABSOLUTE
    ../clib/microlib/init/entry.s            0x00000000   Number         0  entry8a.o ABSOLUTE
    ../clib/microlib/init/entry.s            0x00000000   Number         0  entry9a.o ABSOLUTE
    ../clib/microlib/init/entry.s            0x00000000   Number         0  entry8b.o ABSOLUTE
    ../clib/microlib/init/entry.s            0x00000000   Number         0  entry9b.o ABSOLUTE
    ../clib/microlib/init/entry.s            0x00000000   Number         0  entry10b.o ABSOLUTE
    ../clib/microlib/init/entry.s            0x00000000   Number         0  entry10a.o ABSOLUTE
    ../clib/microlib/init/entry.s            0x00000000   Number         0  entry.o ABSOLUTE
    ../clib/microlib/init/entry.s            0x00000000   Number         0  entry11a.o ABSOLUTE
    ../clib/microlib/init/entry.s            0x00000000   Number         0  entry11b.o ABSOLUTE
    ../clib/microlib/longlong.c              0x00000000   Number         0  llshl.o ABSOLUTE
    ../clib/microlib/longlong.c              0x00000000   Number         0  llsshr.o ABSOLUTE
    ../clib/microlib/longlong.c              0x00000000   Number         0  llushr.o ABSOLUTE
    ../clib/microlib/printf/printf.c         0x00000000   Number         0  printf7.o ABSOLUTE
    ../clib/microlib/printf/printf.c         0x00000000   Number         0  printf5.o ABSOLUTE
    ../clib/microlib/printf/printf.c         0x00000000   Number         0  printf3.o ABSOLUTE
    ../clib/microlib/printf/printf.c         0x00000000   Number         0  printf2.o ABSOLUTE
    ../clib/microlib/printf/printf.c         0x00000000   Number         0  printfb.o ABSOLUTE
    ../clib/microlib/printf/printf.c         0x00000000   Number         0  printf4.o ABSOLUTE
    ../clib/microlib/printf/printf.c         0x00000000   Number         0  printf1.o ABSOLUTE
    ../clib/microlib/printf/printf.c         0x00000000   Number         0  printfa.o ABSOLUTE
    ../clib/microlib/printf/printf.c         0x00000000   Number         0  printf8.o ABSOLUTE
    ../clib/microlib/printf/printf.c         0x00000000   Number         0  printf6.o ABSOLUTE
    ../clib/microlib/printf/printf.c         0x00000000   Number         0  printf0.o ABSOLUTE
    ../clib/microlib/printf/stubs.s          0x00000000   Number         0  stubs.o ABSOLUTE
    ../clib/microlib/stdio/streams.c         0x00000000   Number         0  stdout.o ABSOLUTE
    ../clib/microlib/string/memcpy.c         0x00000000   Number         0  memcpyb.o ABSOLUTE
    ../clib/microlib/string/memcpy.c         0x00000000   Number         0  memcpya.o ABSOLUTE
    ../clib/microlib/string/memset.c         0x00000000   Number         0  memset.o ABSOLUTE
    ../clib/microlib/string/memset.c         0x00000000   Number         0  memseta.o ABSOLUTE
    ../clib/microlib/stubs.s                 0x00000000   Number         0  iusefp.o ABSOLUTE
    ../clib/microlib/time/localtime.c        0x00000000   Number         0  localtime.o ABSOLUTE
    ../clib/microlib/time/localtime.c        0x00000000   Number         0  localtime_w.o ABSOLUTE
    ../clib/microlib/time/localtime.c        0x00000000   Number         0  localtime_i.o ABSOLUTE
    ../clib/microlib/time/mktime.c           0x00000000   Number         0  mktime.o ABSOLUTE
    ../fplib/microlib/d2f.c                  0x00000000   Number         0  d2f.o ABSOLUTE
    ../fplib/microlib/f2d.c                  0x00000000   Number         0  f2d.o ABSOLUTE
    ../fplib/microlib/fpadd.c                0x00000000   Number         0  dadd.o ABSOLUTE
    ../fplib/microlib/fpdiv.c                0x00000000   Number         0  ddiv.o ABSOLUTE
    ../fplib/microlib/fpepilogue.c           0x00000000   Number         0  depilogue.o ABSOLUTE
    ../fplib/microlib/fpepilogue.c           0x00000000   Number         0  fepilogue.o ABSOLUTE
    ../fplib/microlib/fpfix.c                0x00000000   Number         0  dfixul.o ABSOLUTE
    ../fplib/microlib/fpmul.c                0x00000000   Number         0  dmul.o ABSOLUTE
    APP\OLED\OLED.c                          0x00000000   Number         0  oled.o ABSOLUTE
    APP\RTC\MyRTC.c                          0x00000000   Number         0  myrtc.o ABSOLUTE
    APP\YCKey\YCKey.c                        0x00000000   Number         0  yckey.o ABSOLUTE
    FreeRTOS\\portable\\RVDS\\ARM_CM3\\port.c 0x00000000   Number         0  port.o ABSOLUTE
    FreeRTOS\croutine.c                      0x00000000   Number         0  croutine.o ABSOLUTE
    FreeRTOS\event_groups.c                  0x00000000   Number         0  event_groups.o ABSOLUTE
    FreeRTOS\list.c                          0x00000000   Number         0  list.o ABSOLUTE
    FreeRTOS\portable\MemMang\heap_4.c       0x00000000   Number         0  heap_4.o ABSOLUTE
    FreeRTOS\portable\RVDS\ARM_CM3\port.c    0x00000000   Number         0  port.o ABSOLUTE
    FreeRTOS\queue.c                         0x00000000   Number         0  queue.o ABSOLUTE
    FreeRTOS\stream_buffer.c                 0x00000000   Number         0  stream_buffer.o ABSOLUTE
    FreeRTOS\tasks.c                         0x00000000   Number         0  tasks.o ABSOLUTE
    FreeRTOS\timers.c                        0x00000000   Number         0  timers.o ABSOLUTE
    Libraries\CMSIS\core_cm3.c               0x00000000   Number         0  core_cm3.o ABSOLUTE
    Libraries\CMSIS\startup_stm32f103xb.s    0x00000000   Number         0  startup_stm32f103xb.o ABSOLUTE
    Libraries\CMSIS\system_stm32f10x.c       0x00000000   Number         0  system_stm32f10x.o ABSOLUTE
    Libraries\STM32F10x_StdPeriph_Driver\src\misc.c 0x00000000   Number         0  misc.o ABSOLUTE
    Libraries\STM32F10x_StdPeriph_Driver\src\stm32f10x_bkp.c 0x00000000   Number         0  stm32f10x_bkp.o ABSOLUTE
    Libraries\STM32F10x_StdPeriph_Driver\src\stm32f10x_exti.c 0x00000000   Number         0  stm32f10x_exti.o ABSOLUTE
    Libraries\STM32F10x_StdPeriph_Driver\src\stm32f10x_gpio.c 0x00000000   Number         0  stm32f10x_gpio.o ABSOLUTE
    Libraries\STM32F10x_StdPeriph_Driver\src\stm32f10x_pwr.c 0x00000000   Number         0  stm32f10x_pwr.o ABSOLUTE
    Libraries\STM32F10x_StdPeriph_Driver\src\stm32f10x_rcc.c 0x00000000   Number         0  stm32f10x_rcc.o ABSOLUTE
    Libraries\STM32F10x_StdPeriph_Driver\src\stm32f10x_rtc.c 0x00000000   Number         0  stm32f10x_rtc.o ABSOLUTE
    Libraries\STM32F10x_StdPeriph_Driver\src\stm32f10x_tim.c 0x00000000   Number         0  stm32f10x_tim.o ABSOLUTE
    Libraries\STM32F10x_StdPeriph_Driver\src\stm32f10x_usart.c 0x00000000   Number         0  stm32f10x_usart.o ABSOLUTE
    Libraries\\CMSIS\\core_cm3.c             0x00000000   Number         0  core_cm3.o ABSOLUTE
    Public\SysTick.c                         0x00000000   Number         0  systick.o ABSOLUTE
    Public\system.c                          0x00000000   Number         0  system.o ABSOLUTE
    Public\usart.c                           0x00000000   Number         0  usart.o ABSOLUTE
    User\main.c                              0x00000000   Number         0  main.o ABSOLUTE
    User\stm32f10x_it.c                      0x00000000   Number         0  stm32f10x_it.o ABSOLUTE
    cdrcmple.s                               0x00000000   Number         0  cdrcmple.o ABSOLUTE
    dc.s                                     0x00000000   Number         0  dc.o ABSOLUTE
    handlers.s                               0x00000000   Number         0  handlers.o ABSOLUTE
    init.s                                   0x00000000   Number         0  init.o ABSOLUTE
    RESET                                    0x08000000   Section      236  startup_stm32f103xb.o(RESET)
    .ARM.Collect$$$$00000000                 0x080000ec   Section        0  entry.o(.ARM.Collect$$$$00000000)
    .ARM.Collect$$$$00000001                 0x080000ec   Section        4  entry2.o(.ARM.Collect$$$$00000001)
    .ARM.Collect$$$$00000004                 0x080000f0   Section        4  entry5.o(.ARM.Collect$$$$00000004)
    .ARM.Collect$$$$00000008                 0x080000f4   Section        0  entry7b.o(.ARM.Collect$$$$00000008)
    .ARM.Collect$$$$0000000A                 0x080000f4   Section        0  entry8b.o(.ARM.Collect$$$$0000000A)
    .ARM.Collect$$$$0000000B                 0x080000f4   Section        8  entry9a.o(.ARM.Collect$$$$0000000B)
    .ARM.Collect$$$$0000000D                 0x080000fc   Section        0  entry10a.o(.ARM.Collect$$$$0000000D)
    .ARM.Collect$$$$0000000F                 0x080000fc   Section        0  entry11a.o(.ARM.Collect$$$$0000000F)
    .ARM.Collect$$$$00002712                 0x080000fc   Section        4  entry2.o(.ARM.Collect$$$$00002712)
    __lit__00000000                          0x080000fc   Data           4  entry2.o(.ARM.Collect$$$$00002712)
    .emb_text                                0x08000100   Section      150  port.o(.emb_text)
    .text                                    0x08000198   Section       36  startup_stm32f103xb.o(.text)
    .text                                    0x080001bc   Section        0  mktime.o(.text)
    .text                                    0x08000264   Section        0  memcpya.o(.text)
    .text                                    0x08000288   Section        0  dadd.o(.text)
    .text                                    0x080003d6   Section        0  f2d.o(.text)
    .text                                    0x080003fc   Section       48  cdrcmple.o(.text)
    .text                                    0x0800042c   Section        0  d2f.o(.text)
    .text                                    0x08000464   Section        0  uidiv.o(.text)
    .text                                    0x08000490   Section        0  uldiv.o(.text)
    .text                                    0x080004f2   Section        0  llshl.o(.text)
    .text                                    0x08000510   Section        0  llsshr.o(.text)
    .text                                    0x08000534   Section        0  localtime_w.o(.text)
    .text                                    0x08000540   Section        0  localtime_i.o(.text)
    .text                                    0x080005cc   Section        0  iusefp.o(.text)
    .text                                    0x080005cc   Section        0  fepilogue.o(.text)
    .text                                    0x0800063a   Section        0  depilogue.o(.text)
    .text                                    0x080006f4   Section        0  dmul.o(.text)
    .text                                    0x080007d8   Section        0  ddiv.o(.text)
    .text                                    0x080008b6   Section        0  dfixul.o(.text)
    .text                                    0x080008e8   Section       36  init.o(.text)
    .text                                    0x0800090c   Section        0  llushr.o(.text)
    i.BKP_ReadBackupRegister                 0x0800092c   Section        0  stm32f10x_bkp.o(i.BKP_ReadBackupRegister)
    i.BKP_WriteBackupRegister                0x08000948   Section        0  stm32f10x_bkp.o(i.BKP_WriteBackupRegister)
    i.BusFault_Handler                       0x08000964   Section        0  stm32f10x_it.o(i.BusFault_Handler)
    i.DebugMon_Handler                       0x08000968   Section        0  stm32f10x_it.o(i.DebugMon_Handler)
    i.GPIO_Init                              0x0800096a   Section        0  stm32f10x_gpio.o(i.GPIO_Init)
    i.GPIO_WriteBit                          0x08000a80   Section        0  stm32f10x_gpio.o(i.GPIO_WriteBit)
    i.HardFault_Handler                      0x08000a8a   Section        0  stm32f10x_it.o(i.HardFault_Handler)
    i.MemManage_Handler                      0x08000a8e   Section        0  stm32f10x_it.o(i.MemManage_Handler)
    i.MyRTC_Init                             0x08000a92   Section        0  myrtc.o(i.MyRTC_Init)
    i.MyRTC_ReadTime                         0x08000b08   Section        0  myrtc.o(i.MyRTC_ReadTime)
    i.MyRTC_SetTime                          0x08000b50   Section        0  myrtc.o(i.MyRTC_SetTime)
    i.NMI_Handler                            0x08000b9c   Section        0  stm32f10x_it.o(i.NMI_Handler)
    i.NVIC_Init                              0x08000ba0   Section        0  misc.o(i.NVIC_Init)
    i.NVIC_PriorityGroupConfig               0x08000c10   Section        0  misc.o(i.NVIC_PriorityGroupConfig)
    i.OLED_Clear                             0x08000c24   Section        0  oled.o(i.OLED_Clear)
    i.OLED_I2C_Init                          0x08000c50   Section        0  oled.o(i.OLED_I2C_Init)
    i.OLED_I2C_SendByte                      0x08000ca0   Section        0  oled.o(i.OLED_I2C_SendByte)
    i.OLED_I2C_Start                         0x08000cf4   Section        0  oled.o(i.OLED_I2C_Start)
    i.OLED_I2C_Stop                          0x08000d28   Section        0  oled.o(i.OLED_I2C_Stop)
    i.OLED_Init                              0x08000d50   Section        0  oled.o(i.OLED_Init)
    i.OLED_Pow                               0x08000dfe   Section        0  oled.o(i.OLED_Pow)
    i.OLED_SetCursor                         0x08000e12   Section        0  oled.o(i.OLED_SetCursor)
    i.OLED_ShowChar                          0x08000e34   Section        0  oled.o(i.OLED_ShowChar)
    i.OLED_ShowNum                           0x08000ea8   Section        0  oled.o(i.OLED_ShowNum)
    i.OLED_ShowString                        0x08000eec   Section        0  oled.o(i.OLED_ShowString)
    i.OLED_WriteCommand                      0x08000f14   Section        0  oled.o(i.OLED_WriteCommand)
    i.OLED_WriteData                         0x08000f34   Section        0  oled.o(i.OLED_WriteData)
    i.PWR_BackupAccessCmd                    0x08000f54   Section        0  stm32f10x_pwr.o(i.PWR_BackupAccessCmd)
    i.RCC_APB1PeriphClockCmd                 0x08000f60   Section        0  stm32f10x_rcc.o(i.RCC_APB1PeriphClockCmd)
    i.RCC_APB2PeriphClockCmd                 0x08000f80   Section        0  stm32f10x_rcc.o(i.RCC_APB2PeriphClockCmd)
    i.RCC_GetClocksFreq                      0x08000fa0   Section        0  stm32f10x_rcc.o(i.RCC_GetClocksFreq)
    i.RCC_GetFlagStatus                      0x08001074   Section        0  stm32f10x_rcc.o(i.RCC_GetFlagStatus)
    i.RCC_LSEConfig                          0x080010b0   Section        0  stm32f10x_rcc.o(i.RCC_LSEConfig)
    i.RCC_RTCCLKCmd                          0x080010e4   Section        0  stm32f10x_rcc.o(i.RCC_RTCCLKCmd)
    i.RCC_RTCCLKConfig                       0x080010f0   Section        0  stm32f10x_rcc.o(i.RCC_RTCCLKConfig)
    i.RTC_EnterConfigMode                    0x08001100   Section        0  stm32f10x_rtc.o(i.RTC_EnterConfigMode)
    i.RTC_ExitConfigMode                     0x08001114   Section        0  stm32f10x_rtc.o(i.RTC_ExitConfigMode)
    i.RTC_GetCounter                         0x08001128   Section        0  stm32f10x_rtc.o(i.RTC_GetCounter)
    i.RTC_SetCounter                         0x0800113c   Section        0  stm32f10x_rtc.o(i.RTC_SetCounter)
    i.RTC_SetPrescaler                       0x08001158   Section        0  stm32f10x_rtc.o(i.RTC_SetPrescaler)
    i.RTC_WaitForLastTask                    0x08001178   Section        0  stm32f10x_rtc.o(i.RTC_WaitForLastTask)
    i.RTC_WaitForSynchro                     0x0800118c   Section        0  stm32f10x_rtc.o(i.RTC_WaitForSynchro)
    i.SetSysClock                            0x080011b0   Section        0  system_stm32f10x.o(i.SetSysClock)
    SetSysClock                              0x080011b1   Thumb Code     8  system_stm32f10x.o(i.SetSysClock)
    i.SetSysClockTo72                        0x080011b8   Section        0  system_stm32f10x.o(i.SetSysClockTo72)
    SetSysClockTo72                          0x080011b9   Thumb Code   214  system_stm32f10x.o(i.SetSysClockTo72)
    i.SysTick_CLKSourceConfig                0x08001298   Section        0  misc.o(i.SysTick_CLKSourceConfig)
    i.SysTick_Handler                        0x080012c0   Section        0  port.o(i.SysTick_Handler)
    i.SysTick_Init                           0x080012f4   Section        0  systick.o(i.SysTick_Init)
    i.SystemInit                             0x08001350   Section        0  system_stm32f10x.o(i.SystemInit)
    i.USART1_IRQHandler                      0x080013b0   Section        0  usart.o(i.USART1_IRQHandler)
    i.USART1_Init                            0x08001438   Section        0  usart.o(i.USART1_Init)
    i.USART_ClearFlag                        0x080014e8   Section        0  stm32f10x_usart.o(i.USART_ClearFlag)
    i.USART_Cmd                              0x080014fa   Section        0  stm32f10x_usart.o(i.USART_Cmd)
    i.USART_GetFlagStatus                    0x08001512   Section        0  stm32f10x_usart.o(i.USART_GetFlagStatus)
    i.USART_GetITStatus                      0x0800152c   Section        0  stm32f10x_usart.o(i.USART_GetITStatus)
    i.USART_ITConfig                         0x08001580   Section        0  stm32f10x_usart.o(i.USART_ITConfig)
    i.USART_Init                             0x080015cc   Section        0  stm32f10x_usart.o(i.USART_Init)
    i.USART_ReceiveData                      0x080016a4   Section        0  stm32f10x_usart.o(i.USART_ReceiveData)
    i.USART_SendData                         0x080016ae   Section        0  stm32f10x_usart.o(i.USART_SendData)
    i.UsageFault_Handler                     0x080016b6   Section        0  stm32f10x_it.o(i.UsageFault_Handler)
    i.YCKey_GetNum                           0x080016bc   Section        0  yckey.o(i.YCKey_GetNum)
    i.YCKey_Init                             0x08001770   Section        0  yckey.o(i.YCKey_Init)
    i.__0printf                              0x0800179c   Section        0  printfa.o(i.__0printf)
    i.__scatterload_copy                     0x080017bc   Section       14  handlers.o(i.__scatterload_copy)
    i.__scatterload_null                     0x080017ca   Section        2  handlers.o(i.__scatterload_null)
    i.__scatterload_zeroinit                 0x080017cc   Section       14  handlers.o(i.__scatterload_zeroinit)
    i._fp_digits                             0x080017dc   Section        0  printfa.o(i._fp_digits)
    _fp_digits                               0x080017dd   Thumb Code   366  printfa.o(i._fp_digits)
    i._printf_core                           0x08001960   Section        0  printfa.o(i._printf_core)
    _printf_core                             0x08001961   Thumb Code  1744  printfa.o(i._printf_core)
    i._printf_post_padding                   0x0800203c   Section        0  printfa.o(i._printf_post_padding)
    _printf_post_padding                     0x0800203d   Thumb Code    36  printfa.o(i._printf_post_padding)
    i._printf_pre_padding                    0x08002060   Section        0  printfa.o(i._printf_pre_padding)
    _printf_pre_padding                      0x08002061   Thumb Code    46  printfa.o(i._printf_pre_padding)
    i.delay_ms                               0x08002090   Section        0  systick.o(i.delay_ms)
    i.delay_us                               0x080020d0   Section        0  systick.o(i.delay_us)
    i.fputc                                  0x08002118   Section        0  usart.o(i.fputc)
    i.key_task                               0x0800213c   Section        0  main.o(i.key_task)
    i.main                                   0x080022f8   Section        0  main.o(i.main)
    i.oled_task                              0x08002344   Section        0  main.o(i.oled_task)
    i.prvAddCurrentTaskToDelayedList         0x08002424   Section        0  tasks.o(i.prvAddCurrentTaskToDelayedList)
    prvAddCurrentTaskToDelayedList           0x08002425   Thumb Code   164  tasks.o(i.prvAddCurrentTaskToDelayedList)
    i.prvAddNewTaskToReadyList               0x080024e4   Section        0  tasks.o(i.prvAddNewTaskToReadyList)
    prvAddNewTaskToReadyList                 0x080024e5   Thumb Code   200  tasks.o(i.prvAddNewTaskToReadyList)
    i.prvCheckTasksWaitingTermination        0x080025c8   Section        0  tasks.o(i.prvCheckTasksWaitingTermination)
    prvCheckTasksWaitingTermination          0x080025c9   Thumb Code    60  tasks.o(i.prvCheckTasksWaitingTermination)
    i.prvCopyDataToQueue                     0x08002610   Section        0  queue.o(i.prvCopyDataToQueue)
    prvCopyDataToQueue                       0x08002611   Thumb Code   126  queue.o(i.prvCopyDataToQueue)
    i.prvDeleteTCB                           0x0800268e   Section        0  tasks.o(i.prvDeleteTCB)
    prvDeleteTCB                             0x0800268f   Thumb Code    18  tasks.o(i.prvDeleteTCB)
    i.prvGetDisinheritPriorityAfterTimeout   0x080026a0   Section        0  queue.o(i.prvGetDisinheritPriorityAfterTimeout)
    prvGetDisinheritPriorityAfterTimeout     0x080026a1   Thumb Code    20  queue.o(i.prvGetDisinheritPriorityAfterTimeout)
    i.prvHeapInit                            0x080026b4   Section        0  heap_4.o(i.prvHeapInit)
    prvHeapInit                              0x080026b5   Thumb Code    98  heap_4.o(i.prvHeapInit)
    i.prvIdleTask                            0x08002730   Section        0  tasks.o(i.prvIdleTask)
    prvIdleTask                              0x08002731   Thumb Code    32  tasks.o(i.prvIdleTask)
    i.prvInitialiseMutex                     0x08002758   Section        0  queue.o(i.prvInitialiseMutex)
    prvInitialiseMutex                       0x08002759   Thumb Code    30  queue.o(i.prvInitialiseMutex)
    i.prvInitialiseNewQueue                  0x08002776   Section        0  queue.o(i.prvInitialiseNewQueue)
    prvInitialiseNewQueue                    0x08002777   Thumb Code    38  queue.o(i.prvInitialiseNewQueue)
    i.prvInitialiseNewTask                   0x0800279c   Section        0  tasks.o(i.prvInitialiseNewTask)
    prvInitialiseNewTask                     0x0800279d   Thumb Code   194  tasks.o(i.prvInitialiseNewTask)
    i.prvInitialiseTaskLists                 0x08002884   Section        0  tasks.o(i.prvInitialiseTaskLists)
    prvInitialiseTaskLists                   0x08002885   Thumb Code    70  tasks.o(i.prvInitialiseTaskLists)
    i.prvInsertBlockIntoFreeList             0x080028ec   Section        0  heap_4.o(i.prvInsertBlockIntoFreeList)
    prvInsertBlockIntoFreeList               0x080028ed   Thumb Code    96  heap_4.o(i.prvInsertBlockIntoFreeList)
    i.prvIsQueueEmpty                        0x08002954   Section        0  queue.o(i.prvIsQueueEmpty)
    prvIsQueueEmpty                          0x08002955   Thumb Code    26  queue.o(i.prvIsQueueEmpty)
    i.prvIsQueueFull                         0x0800296e   Section        0  queue.o(i.prvIsQueueFull)
    prvIsQueueFull                           0x0800296f   Thumb Code    30  queue.o(i.prvIsQueueFull)
    i.prvResetNextTaskUnblockTime            0x0800298c   Section        0  tasks.o(i.prvResetNextTaskUnblockTime)
    prvResetNextTaskUnblockTime              0x0800298d   Thumb Code    40  tasks.o(i.prvResetNextTaskUnblockTime)
    i.prvTaskExitError                       0x080029bc   Section        0  port.o(i.prvTaskExitError)
    prvTaskExitError                         0x080029bd   Thumb Code    48  port.o(i.prvTaskExitError)
    i.prvTaskIsTaskSuspended                 0x08002a28   Section        0  tasks.o(i.prvTaskIsTaskSuspended)
    prvTaskIsTaskSuspended                   0x08002a29   Thumb Code    72  tasks.o(i.prvTaskIsTaskSuspended)
    i.prvUnlockQueue                         0x08002a9c   Section        0  queue.o(i.prvUnlockQueue)
    prvUnlockQueue                           0x08002a9d   Thumb Code   126  queue.o(i.prvUnlockQueue)
    i.pvPortMalloc                           0x08002b1c   Section        0  heap_4.o(i.pvPortMalloc)
    i.pvTaskIncrementMutexHeldCount          0x08002c98   Section        0  tasks.o(i.pvTaskIncrementMutexHeldCount)
    i.pxPortInitialiseStack                  0x08002cb8   Section        0  port.o(i.pxPortInitialiseStack)
    i.run12h_task                            0x08002cdc   Section        0  main.o(i.run12h_task)
    i.run60s_task                            0x08002d54   Section        0  main.o(i.run60s_task)
    i.start_task                             0x08002dd0   Section        0  main.o(i.start_task)
    i.uxListRemove                           0x08002e98   Section        0  list.o(i.uxListRemove)
    i.vListInitialise                        0x08002ec0   Section        0  list.o(i.vListInitialise)
    i.vListInitialiseItem                    0x08002eda   Section        0  list.o(i.vListInitialiseItem)
    i.vListInsert                            0x08002ee0   Section        0  list.o(i.vListInsert)
    i.vListInsertEnd                         0x08002f14   Section        0  list.o(i.vListInsertEnd)
    i.vPortEnterCritical                     0x08002f2c   Section        0  port.o(i.vPortEnterCritical)
    i.vPortExitCritical                      0x08002fb0   Section        0  port.o(i.vPortExitCritical)
    i.vPortFree                              0x0800301c   Section        0  heap_4.o(i.vPortFree)
    i.vPortSetupTimerInterrupt               0x080030e0   Section        0  port.o(i.vPortSetupTimerInterrupt)
    i.vTaskDelay                             0x080030f8   Section        0  tasks.o(i.vTaskDelay)
    i.vTaskDelete                            0x0800316c   Section        0  tasks.o(i.vTaskDelete)
    i.vTaskInternalSetTimeOutState           0x08003280   Section        0  tasks.o(i.vTaskInternalSetTimeOutState)
    i.vTaskMissedYield                       0x08003298   Section        0  tasks.o(i.vTaskMissedYield)
    i.vTaskPlaceOnEventList                  0x080032a4   Section        0  tasks.o(i.vTaskPlaceOnEventList)
    i.vTaskPriorityDisinheritAfterTimeout    0x080032f8   Section        0  tasks.o(i.vTaskPriorityDisinheritAfterTimeout)
    i.vTaskResume                            0x08003420   Section        0  tasks.o(i.vTaskResume)
    i.vTaskStartScheduler                    0x08003500   Section        0  tasks.o(i.vTaskStartScheduler)
    i.vTaskSuspend                           0x080035ac   Section        0  tasks.o(i.vTaskSuspend)
    i.vTaskSuspendAll                        0x080036c8   Section        0  tasks.o(i.vTaskSuspendAll)
    i.vTaskSwitchContext                     0x080036d8   Section        0  tasks.o(i.vTaskSwitchContext)
    i.xPortStartScheduler                    0x08003780   Section        0  port.o(i.xPortStartScheduler)
    i.xQueueCreateMutex                      0x080038bc   Section        0  queue.o(i.xQueueCreateMutex)
    i.xQueueGenericCreate                    0x080038e0   Section        0  queue.o(i.xQueueGenericCreate)
    i.xQueueGenericReset                     0x08003960   Section        0  queue.o(i.xQueueGenericReset)
    i.xQueueGenericSend                      0x08003a4c   Section        0  queue.o(i.xQueueGenericSend)
    i.xQueueSemaphoreTake                    0x08003bf0   Section        0  queue.o(i.xQueueSemaphoreTake)
    i.xTaskCheckForTimeOut                   0x08003da4   Section        0  tasks.o(i.xTaskCheckForTimeOut)
    i.xTaskCreate                            0x08003e44   Section        0  tasks.o(i.xTaskCreate)
    i.xTaskGetSchedulerState                 0x08003ea4   Section        0  tasks.o(i.xTaskGetSchedulerState)
    i.xTaskIncrementTick                     0x08003ec4   Section        0  tasks.o(i.xTaskIncrementTick)
    i.xTaskPriorityDisinherit                0x08004098   Section        0  tasks.o(i.xTaskPriorityDisinherit)
    i.xTaskPriorityInherit                   0x08004198   Section        0  tasks.o(i.xTaskPriorityInherit)
    i.xTaskRemoveFromEventList               0x08004284   Section        0  tasks.o(i.xTaskRemoveFromEventList)
    i.xTaskResumeAll                         0x080043c0   Section        0  tasks.o(i.xTaskResumeAll)
    .constdata                               0x08004550   Section     1520  oled.o(.constdata)
    .constdata                               0x08004b40   Section       12  mktime.o(.constdata)
    monlen                                   0x08004b40   Data          12  mktime.o(.constdata)
    .constdata                               0x08004b4c   Section       12  localtime_i.o(.constdata)
    monlen                                   0x08004b4c   Data          12  localtime_i.o(.constdata)
    .data                                    0x20000000   Section       32  main.o(.data)
    mode                                     0x20000014   Data           1  main.o(.data)
    angle                                    0x20000018   Data           4  main.o(.data)
    .data                                    0x20000020   Section       20  stm32f10x_rcc.o(.data)
    APBAHBPrescTable                         0x20000020   Data          16  stm32f10x_rcc.o(.data)
    ADCPrescTable                            0x20000030   Data           4  stm32f10x_rcc.o(.data)
    .data                                    0x20000034   Section       20  system_stm32f10x.o(.data)
    .data                                    0x20000048   Section        1  yckey.o(.data)
    key                                      0x20000048   Data           1  yckey.o(.data)
    .data                                    0x2000004a   Section       12  myrtc.o(.data)
    .data                                    0x20000056   Section        4  systick.o(.data)
    fac_us                                   0x20000056   Data           1  systick.o(.data)
    fac_ms                                   0x20000058   Data           2  systick.o(.data)
    .data                                    0x2000005a   Section        2  usart.o(.data)
    .data                                    0x2000005c   Section       64  tasks.o(.data)
    pxDelayedTaskList                        0x20000060   Data           4  tasks.o(.data)
    pxOverflowDelayedTaskList                0x20000064   Data           4  tasks.o(.data)
    uxDeletedTasksWaitingCleanUp             0x20000068   Data           4  tasks.o(.data)
    uxCurrentNumberOfTasks                   0x2000006c   Data           4  tasks.o(.data)
    xTickCount                               0x20000070   Data           4  tasks.o(.data)
    uxTopReadyPriority                       0x20000074   Data           4  tasks.o(.data)
    xSchedulerRunning                        0x20000078   Data           4  tasks.o(.data)
    xPendedTicks                             0x2000007c   Data           4  tasks.o(.data)
    xYieldPending                            0x20000080   Data           4  tasks.o(.data)
    xNumOfOverflows                          0x20000084   Data           4  tasks.o(.data)
    uxTaskNumber                             0x20000088   Data           4  tasks.o(.data)
    xNextTaskUnblockTime                     0x2000008c   Data           4  tasks.o(.data)
    xIdleTaskHandle                          0x20000090   Data           4  tasks.o(.data)
    uxSchedulerSuspended                     0x20000098   Data           4  tasks.o(.data)
    .data                                    0x2000009c   Section       32  heap_4.o(.data)
    xStart                                   0x2000009c   Data           8  heap_4.o(.data)
    pxEnd                                    0x200000a4   Data           4  heap_4.o(.data)
    xFreeBytesRemaining                      0x200000a8   Data           4  heap_4.o(.data)
    xMinimumEverFreeBytesRemaining           0x200000ac   Data           4  heap_4.o(.data)
    xNumberOfSuccessfulAllocations           0x200000b0   Data           4  heap_4.o(.data)
    xNumberOfSuccessfulFrees                 0x200000b4   Data           4  heap_4.o(.data)
    xBlockAllocatedBit                       0x200000b8   Data           4  heap_4.o(.data)
    .data                                    0x200000bc   Section       12  port.o(.data)
    uxCriticalNesting                        0x200000bc   Data           4  port.o(.data)
    ucMaxSysCallPriority                     0x200000c0   Data           1  port.o(.data)
    ulMaxPRIGROUPValue                       0x200000c4   Data           4  port.o(.data)
    .data                                    0x200000c8   Section        4  stdout.o(.data)
    .bss                                     0x200000cc   Section      200  usart.o(.bss)
    .bss                                     0x20000194   Section      740  tasks.o(.bss)
    pxReadyTasksLists                        0x20000194   Data         640  tasks.o(.bss)
    xDelayedTaskList1                        0x20000414   Data          20  tasks.o(.bss)
    xDelayedTaskList2                        0x20000428   Data          20  tasks.o(.bss)
    xPendingReadyList                        0x2000043c   Data          20  tasks.o(.bss)
    xTasksWaitingTermination                 0x20000450   Data          20  tasks.o(.bss)
    xSuspendedTaskList                       0x20000464   Data          20  tasks.o(.bss)
    .bss                                     0x20000478   Section    10240  heap_4.o(.bss)
    ucHeap                                   0x20000478   Data       10240  heap_4.o(.bss)
    .bss                                     0x20002c78   Section       44  localtime_w.o(.bss)
    _tms                                     0x20002c78   Data          44  localtime_w.o(.bss)
    STACK                                    0x20002ca8   Section     1024  startup_stm32f103xb.o(STACK)

    Global Symbols

    Symbol Name                              Value     Ov Type        Size  Object(Section)

    BuildAttributes$$THM_ISAv4$P$D$K$B$S$PE$A:L22UL41UL21$X:L11$S22US41US21$IEEE1$IW$USESV6$~STKCKD$USESV7$~SHL$OTIME$ROPI$EBA8$MICROLIB$REQ8$PRES8$EABIv2 0x00000000   Number         0  anon$$obj.o ABSOLUTE
    __ARM_use_no_argv                        0x00000000   Number         0  main.o ABSOLUTE
    _printf_a                                0x00000000   Number         0  stubs.o ABSOLUTE
    _printf_c                                0x00000000   Number         0  stubs.o ABSOLUTE
    _printf_charcount                        0x00000000   Number         0  stubs.o ABSOLUTE
    _printf_d                                0x00000000   Number         0  stubs.o ABSOLUTE
    _printf_e                                0x00000000   Number         0  stubs.o ABSOLUTE
    _printf_f                                0x00000000   Number         0  stubs.o ABSOLUTE
    _printf_flags                            0x00000000   Number         0  stubs.o ABSOLUTE
    _printf_fp_dec                           0x00000000   Number         0  stubs.o ABSOLUTE
    _printf_fp_hex                           0x00000000   Number         0  stubs.o ABSOLUTE
    _printf_g                                0x00000000   Number         0  stubs.o ABSOLUTE
    _printf_i                                0x00000000   Number         0  stubs.o ABSOLUTE
    _printf_int_dec                          0x00000000   Number         0  stubs.o ABSOLUTE
    _printf_l                                0x00000000   Number         0  stubs.o ABSOLUTE
    _printf_lc                               0x00000000   Number         0  stubs.o ABSOLUTE
    _printf_ll                               0x00000000   Number         0  stubs.o ABSOLUTE
    _printf_lld                              0x00000000   Number         0  stubs.o ABSOLUTE
    _printf_lli                              0x00000000   Number         0  stubs.o ABSOLUTE
    _printf_llo                              0x00000000   Number         0  stubs.o ABSOLUTE
    _printf_llu                              0x00000000   Number         0  stubs.o ABSOLUTE
    _printf_llx                              0x00000000   Number         0  stubs.o ABSOLUTE
    _printf_longlong_dec                     0x00000000   Number         0  stubs.o ABSOLUTE
    _printf_longlong_hex                     0x00000000   Number         0  stubs.o ABSOLUTE
    _printf_longlong_oct                     0x00000000   Number         0  stubs.o ABSOLUTE
    _printf_ls                               0x00000000   Number         0  stubs.o ABSOLUTE
    _printf_mbtowc                           0x00000000   Number         0  stubs.o ABSOLUTE
    _printf_n                                0x00000000   Number         0  stubs.o ABSOLUTE
    _printf_o                                0x00000000   Number         0  stubs.o ABSOLUTE
    _printf_p                                0x00000000   Number         0  stubs.o ABSOLUTE
    _printf_percent                          0x00000000   Number         0  stubs.o ABSOLUTE
    _printf_pre_padding                      0x00000000   Number         0  stubs.o ABSOLUTE
    _printf_return_value                     0x00000000   Number         0  stubs.o ABSOLUTE
    _printf_s                                0x00000000   Number         0  stubs.o ABSOLUTE
    _printf_sizespec                         0x00000000   Number         0  stubs.o ABSOLUTE
    _printf_str                              0x00000000   Number         0  stubs.o ABSOLUTE
    _printf_truncate_signed                  0x00000000   Number         0  stubs.o ABSOLUTE
    _printf_truncate_unsigned                0x00000000   Number         0  stubs.o ABSOLUTE
    _printf_u                                0x00000000   Number         0  stubs.o ABSOLUTE
    _printf_wc                               0x00000000   Number         0  stubs.o ABSOLUTE
    _printf_wctomb                           0x00000000   Number         0  stubs.o ABSOLUTE
    _printf_widthprec                        0x00000000   Number         0  stubs.o ABSOLUTE
    _printf_x                                0x00000000   Number         0  stubs.o ABSOLUTE
    __cpp_initialize__aeabi_                  - Undefined Weak Reference
    __cxa_finalize                            - Undefined Weak Reference
    __decompress                              - Undefined Weak Reference
    _clock_init                               - Undefined Weak Reference
    _microlib_exit                            - Undefined Weak Reference
    __Vectors_Size                           0x000000ec   Number         0  startup_stm32f103xb.o ABSOLUTE
    __Vectors                                0x08000000   Data           4  startup_stm32f103xb.o(RESET)
    __Vectors_End                            0x080000ec   Data           0  startup_stm32f103xb.o(RESET)
    __main                                   0x080000ed   Thumb Code     0  entry.o(.ARM.Collect$$$$00000000)
    _main_stk                                0x080000ed   Thumb Code     0  entry2.o(.ARM.Collect$$$$00000001)
    _main_scatterload                        0x080000f1   Thumb Code     0  entry5.o(.ARM.Collect$$$$00000004)
    __main_after_scatterload                 0x080000f5   Thumb Code     0  entry5.o(.ARM.Collect$$$$00000004)
    _main_clock                              0x080000f5   Thumb Code     0  entry7b.o(.ARM.Collect$$$$00000008)
    _main_cpp_init                           0x080000f5   Thumb Code     0  entry8b.o(.ARM.Collect$$$$0000000A)
    _main_init                               0x080000f5   Thumb Code     0  entry9a.o(.ARM.Collect$$$$0000000B)
    __rt_final_cpp                           0x080000fd   Thumb Code     0  entry10a.o(.ARM.Collect$$$$0000000D)
    __rt_final_exit                          0x080000fd   Thumb Code     0  entry11a.o(.ARM.Collect$$$$0000000F)
    SVC_Handler                              0x08000101   Thumb Code    32  port.o(.emb_text)
    __asm___6_port_c_39a90d8d__prvStartFirstTask 0x08000125   Thumb Code    28  port.o(.emb_text)
    PendSV_Handler                           0x08000145   Thumb Code    72  port.o(.emb_text)
    vPortGetIPSR                             0x08000191   Thumb Code     6  port.o(.emb_text)
    Reset_Handler                            0x08000199   Thumb Code     8  startup_stm32f103xb.o(.text)
    ADC1_2_IRQHandler                        0x080001b3   Thumb Code     0  startup_stm32f103xb.o(.text)
    CAN1_RX1_IRQHandler                      0x080001b3   Thumb Code     0  startup_stm32f103xb.o(.text)
    CAN1_SCE_IRQHandler                      0x080001b3   Thumb Code     0  startup_stm32f103xb.o(.text)
    DMA1_Channel1_IRQHandler                 0x080001b3   Thumb Code     0  startup_stm32f103xb.o(.text)
    DMA1_Channel2_IRQHandler                 0x080001b3   Thumb Code     0  startup_stm32f103xb.o(.text)
    DMA1_Channel3_IRQHandler                 0x080001b3   Thumb Code     0  startup_stm32f103xb.o(.text)
    DMA1_Channel4_IRQHandler                 0x080001b3   Thumb Code     0  startup_stm32f103xb.o(.text)
    DMA1_Channel5_IRQHandler                 0x080001b3   Thumb Code     0  startup_stm32f103xb.o(.text)
    DMA1_Channel6_IRQHandler                 0x080001b3   Thumb Code     0  startup_stm32f103xb.o(.text)
    DMA1_Channel7_IRQHandler                 0x080001b3   Thumb Code     0  startup_stm32f103xb.o(.text)
    EXTI0_IRQHandler                         0x080001b3   Thumb Code     0  startup_stm32f103xb.o(.text)
    EXTI15_10_IRQHandler                     0x080001b3   Thumb Code     0  startup_stm32f103xb.o(.text)
    EXTI1_IRQHandler                         0x080001b3   Thumb Code     0  startup_stm32f103xb.o(.text)
    EXTI2_IRQHandler                         0x080001b3   Thumb Code     0  startup_stm32f103xb.o(.text)
    EXTI3_IRQHandler                         0x080001b3   Thumb Code     0  startup_stm32f103xb.o(.text)
    EXTI4_IRQHandler                         0x080001b3   Thumb Code     0  startup_stm32f103xb.o(.text)
    EXTI9_5_IRQHandler                       0x080001b3   Thumb Code     0  startup_stm32f103xb.o(.text)
    FLASH_IRQHandler                         0x080001b3   Thumb Code     0  startup_stm32f103xb.o(.text)
    I2C1_ER_IRQHandler                       0x080001b3   Thumb Code     0  startup_stm32f103xb.o(.text)
    I2C1_EV_IRQHandler                       0x080001b3   Thumb Code     0  startup_stm32f103xb.o(.text)
    I2C2_ER_IRQHandler                       0x080001b3   Thumb Code     0  startup_stm32f103xb.o(.text)
    I2C2_EV_IRQHandler                       0x080001b3   Thumb Code     0  startup_stm32f103xb.o(.text)
    PVD_IRQHandler                           0x080001b3   Thumb Code     0  startup_stm32f103xb.o(.text)
    RCC_IRQHandler                           0x080001b3   Thumb Code     0  startup_stm32f103xb.o(.text)
    RTC_Alarm_IRQHandler                     0x080001b3   Thumb Code     0  startup_stm32f103xb.o(.text)
    RTC_IRQHandler                           0x080001b3   Thumb Code     0  startup_stm32f103xb.o(.text)
    SPI1_IRQHandler                          0x080001b3   Thumb Code     0  startup_stm32f103xb.o(.text)
    SPI2_IRQHandler                          0x080001b3   Thumb Code     0  startup_stm32f103xb.o(.text)
    TAMPER_IRQHandler                        0x080001b3   Thumb Code     0  startup_stm32f103xb.o(.text)
    TIM1_BRK_IRQHandler                      0x080001b3   Thumb Code     0  startup_stm32f103xb.o(.text)
    TIM1_CC_IRQHandler                       0x080001b3   Thumb Code     0  startup_stm32f103xb.o(.text)
    TIM1_TRG_COM_IRQHandler                  0x080001b3   Thumb Code     0  startup_stm32f103xb.o(.text)
    TIM1_UP_IRQHandler                       0x080001b3   Thumb Code     0  startup_stm32f103xb.o(.text)
    TIM2_IRQHandler                          0x080001b3   Thumb Code     0  startup_stm32f103xb.o(.text)
    TIM3_IRQHandler                          0x080001b3   Thumb Code     0  startup_stm32f103xb.o(.text)
    TIM4_IRQHandler                          0x080001b3   Thumb Code     0  startup_stm32f103xb.o(.text)
    USART2_IRQHandler                        0x080001b3   Thumb Code     0  startup_stm32f103xb.o(.text)
    USART3_IRQHandler                        0x080001b3   Thumb Code     0  startup_stm32f103xb.o(.text)
    USBWakeUp_IRQHandler                     0x080001b3   Thumb Code     0  startup_stm32f103xb.o(.text)
    USB_HP_CAN1_TX_IRQHandler                0x080001b3   Thumb Code     0  startup_stm32f103xb.o(.text)
    USB_LP_CAN1_RX0_IRQHandler               0x080001b3   Thumb Code     0  startup_stm32f103xb.o(.text)
    WWDG_IRQHandler                          0x080001b3   Thumb Code     0  startup_stm32f103xb.o(.text)
    mktime                                   0x080001bd   Thumb Code   150  mktime.o(.text)
    __aeabi_memcpy                           0x08000265   Thumb Code    36  memcpya.o(.text)
    __aeabi_memcpy4                          0x08000265   Thumb Code     0  memcpya.o(.text)
    __aeabi_memcpy8                          0x08000265   Thumb Code     0  memcpya.o(.text)
    __aeabi_dadd                             0x08000289   Thumb Code   322  dadd.o(.text)
    __aeabi_dsub                             0x080003cb   Thumb Code     6  dadd.o(.text)
    __aeabi_drsub                            0x080003d1   Thumb Code     6  dadd.o(.text)
    __aeabi_f2d                              0x080003d7   Thumb Code    38  f2d.o(.text)
    __aeabi_cdrcmple                         0x080003fd   Thumb Code    48  cdrcmple.o(.text)
    __aeabi_d2f                              0x0800042d   Thumb Code    56  d2f.o(.text)
    __aeabi_uidiv                            0x08000465   Thumb Code     0  uidiv.o(.text)
    __aeabi_uidivmod                         0x08000465   Thumb Code    44  uidiv.o(.text)
    __aeabi_uldivmod                         0x08000491   Thumb Code    98  uldiv.o(.text)
    __aeabi_llsl                             0x080004f3   Thumb Code    30  llshl.o(.text)
    _ll_shift_l                              0x080004f3   Thumb Code     0  llshl.o(.text)
    __aeabi_lasr                             0x08000511   Thumb Code    36  llsshr.o(.text)
    _ll_sshift_r                             0x08000511   Thumb Code     0  llsshr.o(.text)
    localtime                                0x08000535   Thumb Code     6  localtime_w.o(.text)
    _localtime                               0x08000541   Thumb Code   134  localtime_i.o(.text)
    __I$use$fp                               0x080005cd   Thumb Code     0  iusefp.o(.text)
    _float_round                             0x080005cd   Thumb Code    18  fepilogue.o(.text)
    _float_epilogue                          0x080005df   Thumb Code    92  fepilogue.o(.text)
    _double_round                            0x0800063b   Thumb Code    30  depilogue.o(.text)
    _double_epilogue                         0x08000659   Thumb Code   156  depilogue.o(.text)
    __aeabi_dmul                             0x080006f5   Thumb Code   228  dmul.o(.text)
    __aeabi_ddiv                             0x080007d9   Thumb Code   222  ddiv.o(.text)
    __aeabi_d2ulz                            0x080008b7   Thumb Code    48  dfixul.o(.text)
    __scatterload                            0x080008e9   Thumb Code    28  init.o(.text)
    __scatterload_rt2                        0x080008e9   Thumb Code     0  init.o(.text)
    __aeabi_llsr                             0x0800090d   Thumb Code    32  llushr.o(.text)
    _ll_ushift_r                             0x0800090d   Thumb Code     0  llushr.o(.text)
    BKP_ReadBackupRegister                   0x0800092d   Thumb Code    24  stm32f10x_bkp.o(i.BKP_ReadBackupRegister)
    BKP_WriteBackupRegister                  0x08000949   Thumb Code    22  stm32f10x_bkp.o(i.BKP_WriteBackupRegister)
    BusFault_Handler                         0x08000965   Thumb Code     4  stm32f10x_it.o(i.BusFault_Handler)
    DebugMon_Handler                         0x08000969   Thumb Code     2  stm32f10x_it.o(i.DebugMon_Handler)
    GPIO_Init                                0x0800096b   Thumb Code   278  stm32f10x_gpio.o(i.GPIO_Init)
    GPIO_WriteBit                            0x08000a81   Thumb Code    10  stm32f10x_gpio.o(i.GPIO_WriteBit)
    HardFault_Handler                        0x08000a8b   Thumb Code     4  stm32f10x_it.o(i.HardFault_Handler)
    MemManage_Handler                        0x08000a8f   Thumb Code     4  stm32f10x_it.o(i.MemManage_Handler)
    MyRTC_Init                               0x08000a93   Thumb Code   116  myrtc.o(i.MyRTC_Init)
    MyRTC_ReadTime                           0x08000b09   Thumb Code    68  myrtc.o(i.MyRTC_ReadTime)
    MyRTC_SetTime                            0x08000b51   Thumb Code    70  myrtc.o(i.MyRTC_SetTime)
    NMI_Handler                              0x08000b9d   Thumb Code     2  stm32f10x_it.o(i.NMI_Handler)
    NVIC_Init                                0x08000ba1   Thumb Code   100  misc.o(i.NVIC_Init)
    NVIC_PriorityGroupConfig                 0x08000c11   Thumb Code    10  misc.o(i.NVIC_PriorityGroupConfig)
    OLED_Clear                               0x08000c25   Thumb Code    42  oled.o(i.OLED_Clear)
    OLED_I2C_Init                            0x08000c51   Thumb Code    76  oled.o(i.OLED_I2C_Init)
    OLED_I2C_SendByte                        0x08000ca1   Thumb Code    80  oled.o(i.OLED_I2C_SendByte)
    OLED_I2C_Start                           0x08000cf5   Thumb Code    48  oled.o(i.OLED_I2C_Start)
    OLED_I2C_Stop                            0x08000d29   Thumb Code    36  oled.o(i.OLED_I2C_Stop)
    OLED_Init                                0x08000d51   Thumb Code   174  oled.o(i.OLED_Init)
    OLED_Pow                                 0x08000dff   Thumb Code    20  oled.o(i.OLED_Pow)
    OLED_SetCursor                           0x08000e13   Thumb Code    34  oled.o(i.OLED_SetCursor)
    OLED_ShowChar                            0x08000e35   Thumb Code   110  oled.o(i.OLED_ShowChar)
    OLED_ShowNum                             0x08000ea9   Thumb Code    68  oled.o(i.OLED_ShowNum)
    OLED_ShowString                          0x08000eed   Thumb Code    40  oled.o(i.OLED_ShowString)
    OLED_WriteCommand                        0x08000f15   Thumb Code    32  oled.o(i.OLED_WriteCommand)
    OLED_WriteData                           0x08000f35   Thumb Code    32  oled.o(i.OLED_WriteData)
    PWR_BackupAccessCmd                      0x08000f55   Thumb Code     6  stm32f10x_pwr.o(i.PWR_BackupAccessCmd)
    RCC_APB1PeriphClockCmd                   0x08000f61   Thumb Code    26  stm32f10x_rcc.o(i.RCC_APB1PeriphClockCmd)
    RCC_APB2PeriphClockCmd                   0x08000f81   Thumb Code    26  stm32f10x_rcc.o(i.RCC_APB2PeriphClockCmd)
    RCC_GetClocksFreq                        0x08000fa1   Thumb Code   192  stm32f10x_rcc.o(i.RCC_GetClocksFreq)
    RCC_GetFlagStatus                        0x08001075   Thumb Code    56  stm32f10x_rcc.o(i.RCC_GetFlagStatus)
    RCC_LSEConfig                            0x080010b1   Thumb Code    46  stm32f10x_rcc.o(i.RCC_LSEConfig)
    RCC_RTCCLKCmd                            0x080010e5   Thumb Code     6  stm32f10x_rcc.o(i.RCC_RTCCLKCmd)
    RCC_RTCCLKConfig                         0x080010f1   Thumb Code    12  stm32f10x_rcc.o(i.RCC_RTCCLKConfig)
    RTC_EnterConfigMode                      0x08001101   Thumb Code    14  stm32f10x_rtc.o(i.RTC_EnterConfigMode)
    RTC_ExitConfigMode                       0x08001115   Thumb Code    16  stm32f10x_rtc.o(i.RTC_ExitConfigMode)
    RTC_GetCounter                           0x08001129   Thumb Code    16  stm32f10x_rtc.o(i.RTC_GetCounter)
    RTC_SetCounter                           0x0800113d   Thumb Code    24  stm32f10x_rtc.o(i.RTC_SetCounter)
    RTC_SetPrescaler                         0x08001159   Thumb Code    26  stm32f10x_rtc.o(i.RTC_SetPrescaler)
    RTC_WaitForLastTask                      0x08001179   Thumb Code    16  stm32f10x_rtc.o(i.RTC_WaitForLastTask)
    RTC_WaitForSynchro                       0x0800118d   Thumb Code    30  stm32f10x_rtc.o(i.RTC_WaitForSynchro)
    SysTick_CLKSourceConfig                  0x08001299   Thumb Code    40  misc.o(i.SysTick_CLKSourceConfig)
    SysTick_Handler                          0x080012c1   Thumb Code    46  port.o(i.SysTick_Handler)
    SysTick_Init                             0x080012f5   Thumb Code    76  systick.o(i.SysTick_Init)
    SystemInit                               0x08001351   Thumb Code    78  system_stm32f10x.o(i.SystemInit)
    USART1_IRQHandler                        0x080013b1   Thumb Code   122  usart.o(i.USART1_IRQHandler)
    USART1_Init                              0x08001439   Thumb Code   166  usart.o(i.USART1_Init)
    USART_ClearFlag                          0x080014e9   Thumb Code    18  stm32f10x_usart.o(i.USART_ClearFlag)
    USART_Cmd                                0x080014fb   Thumb Code    24  stm32f10x_usart.o(i.USART_Cmd)
    USART_GetFlagStatus                      0x08001513   Thumb Code    26  stm32f10x_usart.o(i.USART_GetFlagStatus)
    USART_GetITStatus                        0x0800152d   Thumb Code    84  stm32f10x_usart.o(i.USART_GetITStatus)
    USART_ITConfig                           0x08001581   Thumb Code    74  stm32f10x_usart.o(i.USART_ITConfig)
    USART_Init                               0x080015cd   Thumb Code   210  stm32f10x_usart.o(i.USART_Init)
    USART_ReceiveData                        0x080016a5   Thumb Code    10  stm32f10x_usart.o(i.USART_ReceiveData)
    USART_SendData                           0x080016af   Thumb Code     8  stm32f10x_usart.o(i.USART_SendData)
    UsageFault_Handler                       0x080016b7   Thumb Code     4  stm32f10x_it.o(i.UsageFault_Handler)
    YCKey_GetNum                             0x080016bd   Thumb Code   170  yckey.o(i.YCKey_GetNum)
    YCKey_Init                               0x08001771   Thumb Code    40  yckey.o(i.YCKey_Init)
    __0printf                                0x0800179d   Thumb Code    22  printfa.o(i.__0printf)
    __1printf                                0x0800179d   Thumb Code     0  printfa.o(i.__0printf)
    __2printf                                0x0800179d   Thumb Code     0  printfa.o(i.__0printf)
    __c89printf                              0x0800179d   Thumb Code     0  printfa.o(i.__0printf)
    printf                                   0x0800179d   Thumb Code     0  printfa.o(i.__0printf)
    __scatterload_copy                       0x080017bd   Thumb Code    14  handlers.o(i.__scatterload_copy)
    __scatterload_null                       0x080017cb   Thumb Code     2  handlers.o(i.__scatterload_null)
    __scatterload_zeroinit                   0x080017cd   Thumb Code    14  handlers.o(i.__scatterload_zeroinit)
    delay_ms                                 0x08002091   Thumb Code    60  systick.o(i.delay_ms)
    delay_us                                 0x080020d1   Thumb Code    68  systick.o(i.delay_us)
    fputc                                    0x08002119   Thumb Code    32  usart.o(i.fputc)
    key_task                                 0x0800213d   Thumb Code   392  main.o(i.key_task)
    main                                     0x080022f9   Thumb Code    56  main.o(i.main)
    oled_task                                0x08002345   Thumb Code   162  main.o(i.oled_task)
    pvPortMalloc                             0x08002b1d   Thumb Code   302  heap_4.o(i.pvPortMalloc)
    pvTaskIncrementMutexHeldCount            0x08002c99   Thumb Code    26  tasks.o(i.pvTaskIncrementMutexHeldCount)
    pxPortInitialiseStack                    0x08002cb9   Thumb Code    30  port.o(i.pxPortInitialiseStack)
    run12h_task                              0x08002cdd   Thumb Code    84  main.o(i.run12h_task)
    run60s_task                              0x08002d55   Thumb Code    92  main.o(i.run60s_task)
    start_task                               0x08002dd1   Thumb Code   112  main.o(i.start_task)
    uxListRemove                             0x08002e99   Thumb Code    40  list.o(i.uxListRemove)
    vListInitialise                          0x08002ec1   Thumb Code    26  list.o(i.vListInitialise)
    vListInitialiseItem                      0x08002edb   Thumb Code     6  list.o(i.vListInitialiseItem)
    vListInsert                              0x08002ee1   Thumb Code    52  list.o(i.vListInsert)
    vListInsertEnd                           0x08002f15   Thumb Code    24  list.o(i.vListInsertEnd)
    vPortEnterCritical                       0x08002f2d   Thumb Code    68  port.o(i.vPortEnterCritical)
    vPortExitCritical                        0x08002fb1   Thumb Code    48  port.o(i.vPortExitCritical)
    vPortFree                                0x0800301d   Thumb Code   130  heap_4.o(i.vPortFree)
    vPortSetupTimerInterrupt                 0x080030e1   Thumb Code    20  port.o(i.vPortSetupTimerInterrupt)
    vTaskDelay                               0x080030f9   Thumb Code    72  tasks.o(i.vTaskDelay)
    vTaskDelete                              0x0800316d   Thumb Code   200  tasks.o(i.vTaskDelete)
    vTaskInternalSetTimeOutState             0x08003281   Thumb Code    14  tasks.o(i.vTaskInternalSetTimeOutState)
    vTaskMissedYield                         0x08003299   Thumb Code     8  tasks.o(i.vTaskMissedYield)
    vTaskPlaceOnEventList                    0x080032a5   Thumb Code    42  tasks.o(i.vTaskPlaceOnEventList)
    vTaskPriorityDisinheritAfterTimeout      0x080032f9   Thumb Code   248  tasks.o(i.vTaskPriorityDisinheritAfterTimeout)
    vTaskResume                              0x08003421   Thumb Code   170  tasks.o(i.vTaskResume)
    vTaskStartScheduler                      0x08003501   Thumb Code   102  tasks.o(i.vTaskStartScheduler)
    vTaskSuspend                             0x080035ad   Thumb Code   214  tasks.o(i.vTaskSuspend)
    vTaskSuspendAll                          0x080036c9   Thumb Code    12  tasks.o(i.vTaskSuspendAll)
    vTaskSwitchContext                       0x080036d9   Thumb Code   110  tasks.o(i.vTaskSwitchContext)
    xPortStartScheduler                      0x08003781   Thumb Code   240  port.o(i.xPortStartScheduler)
    xQueueCreateMutex                        0x080038bd   Thumb Code    34  queue.o(i.xQueueCreateMutex)
    xQueueGenericCreate                      0x080038e1   Thumb Code    92  queue.o(i.xQueueGenericCreate)
    xQueueGenericReset                       0x08003961   Thumb Code   194  queue.o(i.xQueueGenericReset)
    xQueueGenericSend                        0x08003a4d   Thumb Code   380  queue.o(i.xQueueGenericSend)
    xQueueSemaphoreTake                      0x08003bf1   Thumb Code   394  queue.o(i.xQueueSemaphoreTake)
    xTaskCheckForTimeOut                     0x08003da5   Thumb Code   116  tasks.o(i.xTaskCheckForTimeOut)
    xTaskCreate                              0x08003e45   Thumb Code    96  tasks.o(i.xTaskCreate)
    xTaskGetSchedulerState                   0x08003ea5   Thumb Code    24  tasks.o(i.xTaskGetSchedulerState)
    xTaskIncrementTick                       0x08003ec5   Thumb Code   388  tasks.o(i.xTaskIncrementTick)
    xTaskPriorityDisinherit                  0x08004099   Thumb Code   206  tasks.o(i.xTaskPriorityDisinherit)
    xTaskPriorityInherit                     0x08004199   Thumb Code   224  tasks.o(i.xTaskPriorityInherit)
    xTaskRemoveFromEventList                 0x08004285   Thumb Code   254  tasks.o(i.xTaskRemoveFromEventList)
    xTaskResumeAll                           0x080043c1   Thumb Code   328  tasks.o(i.xTaskResumeAll)
    OLED_F8x16                               0x08004550   Data        1520  oled.o(.constdata)
    Region$$Table$$Base                      0x08004b58   Number         0  anon$$obj.o(Region$$Table)
    Region$$Table$$Limit                     0x08004b78   Number         0  anon$$obj.o(Region$$Table)
    StartTask_Handler                        0x20000000   Data           4  main.o(.data)
    OLEDTask_Handler                         0x20000004   Data           4  main.o(.data)
    KeyTask_Handler                          0x20000008   Data           4  main.o(.data)
    Run12h_Task_Handler                      0x2000000c   Data           4  main.o(.data)
    Run60s_Task_Handler                      0x20000010   Data           4  main.o(.data)
    ModeSem                                  0x2000001c   Data           4  main.o(.data)
    SystemCoreClock                          0x20000034   Data           4  system_stm32f10x.o(.data)
    AHBPrescTable                            0x20000038   Data          16  system_stm32f10x.o(.data)
    MyRTC_Time                               0x2000004a   Data          12  myrtc.o(.data)
    USART1_RX_STA                            0x2000005a   Data           2  usart.o(.data)
    pxCurrentTCB                             0x2000005c   Data           4  tasks.o(.data)
    uxTopUsedPriority                        0x20000094   Data           4  tasks.o(.data)
    __stdout                                 0x200000c8   Data           4  stdout.o(.data)
    USART1_RX_BUF                            0x200000cc   Data         200  usart.o(.bss)
    __initial_sp                             0x200030a8   Data           0  startup_stm32f103xb.o(STACK)



==============================================================================

Memory Map of the image

  Image Entry point : 0x080000ed

  Load Region LR_IROM1 (Base: 0x08000000, Size: 0x00004c44, Max: 0x00010000, ABSOLUTE)

    Execution Region ER_IROM1 (Exec base: 0x08000000, Load base: 0x08000000, Size: 0x00004b78, Max: 0x00010000, ABSOLUTE)

    Exec Addr    Load Addr    Size         Type   Attr      Idx    E Section Name        Object

    0x08000000   0x08000000   0x000000ec   Data   RO          269    RESET               startup_stm32f103xb.o
    0x080000ec   0x080000ec   0x00000000   Code   RO         2866  * .ARM.Collect$$$$00000000  mc_w.l(entry.o)
    0x080000ec   0x080000ec   0x00000004   Code   RO         3153    .ARM.Collect$$$$00000001  mc_w.l(entry2.o)
    0x080000f0   0x080000f0   0x00000004   Code   RO         3156    .ARM.Collect$$$$00000004  mc_w.l(entry5.o)
    0x080000f4   0x080000f4   0x00000000   Code   RO         3158    .ARM.Collect$$$$00000008  mc_w.l(entry7b.o)
    0x080000f4   0x080000f4   0x00000000   Code   RO         3160    .ARM.Collect$$$$0000000A  mc_w.l(entry8b.o)
    0x080000f4   0x080000f4   0x00000008   Code   RO         3161    .ARM.Collect$$$$0000000B  mc_w.l(entry9a.o)
    0x080000fc   0x080000fc   0x00000000   Code   RO         3163    .ARM.Collect$$$$0000000D  mc_w.l(entry10a.o)
    0x080000fc   0x080000fc   0x00000000   Code   RO         3165    .ARM.Collect$$$$0000000F  mc_w.l(entry11a.o)
    0x080000fc   0x080000fc   0x00000004   Code   RO         3154    .ARM.Collect$$$$00002712  mc_w.l(entry2.o)
    0x08000100   0x08000100   0x00000096   Code   RO         2789    .emb_text           port.o
    0x08000196   0x08000196   0x00000002   PAD
    0x08000198   0x08000198   0x00000024   Code   RO          270    .text               startup_stm32f103xb.o
    0x080001bc   0x080001bc   0x000000a8   Code   RO         2873    .text               mc_w.l(mktime.o)
    0x08000264   0x08000264   0x00000024   Code   RO         2876    .text               mc_w.l(memcpya.o)
    0x08000288   0x08000288   0x0000014e   Code   RO         3145    .text               mf_w.l(dadd.o)
    0x080003d6   0x080003d6   0x00000026   Code   RO         3147    .text               mf_w.l(f2d.o)
    0x080003fc   0x080003fc   0x00000030   Code   RO         3149    .text               mf_w.l(cdrcmple.o)
    0x0800042c   0x0800042c   0x00000038   Code   RO         3151    .text               mf_w.l(d2f.o)
    0x08000464   0x08000464   0x0000002c   Code   RO         3168    .text               mc_w.l(uidiv.o)
    0x08000490   0x08000490   0x00000062   Code   RO         3170    .text               mc_w.l(uldiv.o)
    0x080004f2   0x080004f2   0x0000001e   Code   RO         3172    .text               mc_w.l(llshl.o)
    0x08000510   0x08000510   0x00000024   Code   RO         3174    .text               mc_w.l(llsshr.o)
    0x08000534   0x08000534   0x0000000c   Code   RO         3176    .text               mc_w.l(localtime_w.o)
    0x08000540   0x08000540   0x0000008c   Code   RO         3179    .text               mc_w.l(localtime_i.o)
    0x080005cc   0x080005cc   0x00000000   Code   RO         3182    .text               mc_w.l(iusefp.o)
    0x080005cc   0x080005cc   0x0000006e   Code   RO         3183    .text               mf_w.l(fepilogue.o)
    0x0800063a   0x0800063a   0x000000ba   Code   RO         3185    .text               mf_w.l(depilogue.o)
    0x080006f4   0x080006f4   0x000000e4   Code   RO         3187    .text               mf_w.l(dmul.o)
    0x080007d8   0x080007d8   0x000000de   Code   RO         3189    .text               mf_w.l(ddiv.o)
    0x080008b6   0x080008b6   0x00000030   Code   RO         3191    .text               mf_w.l(dfixul.o)
    0x080008e6   0x080008e6   0x00000002   PAD
    0x080008e8   0x080008e8   0x00000024   Code   RO         3193    .text               mc_w.l(init.o)
    0x0800090c   0x0800090c   0x00000020   Code   RO         3195    .text               mc_w.l(llushr.o)
    0x0800092c   0x0800092c   0x0000001c   Code   RO         1414    i.BKP_ReadBackupRegister  stm32f10x_bkp.o
    0x08000948   0x08000948   0x0000001c   Code   RO         1418    i.BKP_WriteBackupRegister  stm32f10x_bkp.o
    0x08000964   0x08000964   0x00000004   Code   RO          200    i.BusFault_Handler  stm32f10x_it.o
    0x08000968   0x08000968   0x00000002   Code   RO          201    i.DebugMon_Handler  stm32f10x_it.o
    0x0800096a   0x0800096a   0x00000116   Code   RO          281    i.GPIO_Init         stm32f10x_gpio.o
    0x08000a80   0x08000a80   0x0000000a   Code   RO          292    i.GPIO_WriteBit     stm32f10x_gpio.o
    0x08000a8a   0x08000a8a   0x00000004   Code   RO          202    i.HardFault_Handler  stm32f10x_it.o
    0x08000a8e   0x08000a8e   0x00000004   Code   RO          203    i.MemManage_Handler  stm32f10x_it.o
    0x08000a92   0x08000a92   0x00000074   Code   RO         1812    i.MyRTC_Init        myrtc.o
    0x08000b06   0x08000b06   0x00000002   PAD
    0x08000b08   0x08000b08   0x00000048   Code   RO         1813    i.MyRTC_ReadTime    myrtc.o
    0x08000b50   0x08000b50   0x0000004c   Code   RO         1814    i.MyRTC_SetTime     myrtc.o
    0x08000b9c   0x08000b9c   0x00000002   Code   RO          204    i.NMI_Handler       stm32f10x_it.o
    0x08000b9e   0x08000b9e   0x00000002   PAD
    0x08000ba0   0x08000ba0   0x00000070   Code   RO          589    i.NVIC_Init         misc.o
    0x08000c10   0x08000c10   0x00000014   Code   RO          590    i.NVIC_PriorityGroupConfig  misc.o
    0x08000c24   0x08000c24   0x0000002a   Code   RO         1679    i.OLED_Clear        oled.o
    0x08000c4e   0x08000c4e   0x00000002   PAD
    0x08000c50   0x08000c50   0x00000050   Code   RO         1680    i.OLED_I2C_Init     oled.o
    0x08000ca0   0x08000ca0   0x00000054   Code   RO         1681    i.OLED_I2C_SendByte  oled.o
    0x08000cf4   0x08000cf4   0x00000034   Code   RO         1682    i.OLED_I2C_Start    oled.o
    0x08000d28   0x08000d28   0x00000028   Code   RO         1683    i.OLED_I2C_Stop     oled.o
    0x08000d50   0x08000d50   0x000000ae   Code   RO         1684    i.OLED_Init         oled.o
    0x08000dfe   0x08000dfe   0x00000014   Code   RO         1685    i.OLED_Pow          oled.o
    0x08000e12   0x08000e12   0x00000022   Code   RO         1686    i.OLED_SetCursor    oled.o
    0x08000e34   0x08000e34   0x00000074   Code   RO         1688    i.OLED_ShowChar     oled.o
    0x08000ea8   0x08000ea8   0x00000044   Code   RO         1690    i.OLED_ShowNum      oled.o
    0x08000eec   0x08000eec   0x00000028   Code   RO         1692    i.OLED_ShowString   oled.o
    0x08000f14   0x08000f14   0x00000020   Code   RO         1693    i.OLED_WriteCommand  oled.o
    0x08000f34   0x08000f34   0x00000020   Code   RO         1694    i.OLED_WriteData    oled.o
    0x08000f54   0x08000f54   0x0000000c   Code   RO         1575    i.PWR_BackupAccessCmd  stm32f10x_pwr.o
    0x08000f60   0x08000f60   0x00000020   Code   RO          391    i.RCC_APB1PeriphClockCmd  stm32f10x_rcc.o
    0x08000f80   0x08000f80   0x00000020   Code   RO          393    i.RCC_APB2PeriphClockCmd  stm32f10x_rcc.o
    0x08000fa0   0x08000fa0   0x000000d4   Code   RO          401    i.RCC_GetClocksFreq  stm32f10x_rcc.o
    0x08001074   0x08001074   0x0000003c   Code   RO          402    i.RCC_GetFlagStatus  stm32f10x_rcc.o
    0x080010b0   0x080010b0   0x00000034   Code   RO          409    i.RCC_LSEConfig     stm32f10x_rcc.o
    0x080010e4   0x080010e4   0x0000000c   Code   RO          416    i.RCC_RTCCLKCmd     stm32f10x_rcc.o
    0x080010f0   0x080010f0   0x00000010   Code   RO          417    i.RCC_RTCCLKConfig  stm32f10x_rcc.o
    0x08001100   0x08001100   0x00000014   Code   RO         1487    i.RTC_EnterConfigMode  stm32f10x_rtc.o
    0x08001114   0x08001114   0x00000014   Code   RO         1488    i.RTC_ExitConfigMode  stm32f10x_rtc.o
    0x08001128   0x08001128   0x00000014   Code   RO         1489    i.RTC_GetCounter    stm32f10x_rtc.o
    0x0800113c   0x0800113c   0x0000001c   Code   RO         1495    i.RTC_SetCounter    stm32f10x_rtc.o
    0x08001158   0x08001158   0x00000020   Code   RO         1496    i.RTC_SetPrescaler  stm32f10x_rtc.o
    0x08001178   0x08001178   0x00000014   Code   RO         1497    i.RTC_WaitForLastTask  stm32f10x_rtc.o
    0x0800118c   0x0800118c   0x00000024   Code   RO         1498    i.RTC_WaitForSynchro  stm32f10x_rtc.o
    0x080011b0   0x080011b0   0x00000008   Code   RO         1635    i.SetSysClock       system_stm32f10x.o
    0x080011b8   0x080011b8   0x000000e0   Code   RO         1636    i.SetSysClockTo72   system_stm32f10x.o
    0x08001298   0x08001298   0x00000028   Code   RO          593    i.SysTick_CLKSourceConfig  misc.o
    0x080012c0   0x080012c0   0x00000034   Code   RO         2790    i.SysTick_Handler   port.o
    0x080012f4   0x080012f4   0x0000005c   Code   RO         1851    i.SysTick_Init      systick.o
    0x08001350   0x08001350   0x00000060   Code   RO         1638    i.SystemInit        system_stm32f10x.o
    0x080013b0   0x080013b0   0x00000088   Code   RO         1899    i.USART1_IRQHandler  usart.o
    0x08001438   0x08001438   0x000000b0   Code   RO         1900    i.USART1_Init       usart.o
    0x080014e8   0x080014e8   0x00000012   Code   RO         1227    i.USART_ClearFlag   stm32f10x_usart.o
    0x080014fa   0x080014fa   0x00000018   Code   RO         1231    i.USART_Cmd         stm32f10x_usart.o
    0x08001512   0x08001512   0x0000001a   Code   RO         1234    i.USART_GetFlagStatus  stm32f10x_usart.o
    0x0800152c   0x0800152c   0x00000054   Code   RO         1235    i.USART_GetITStatus  stm32f10x_usart.o
    0x08001580   0x08001580   0x0000004a   Code   RO         1237    i.USART_ITConfig    stm32f10x_usart.o
    0x080015ca   0x080015ca   0x00000002   PAD
    0x080015cc   0x080015cc   0x000000d8   Code   RO         1238    i.USART_Init        stm32f10x_usart.o
    0x080016a4   0x080016a4   0x0000000a   Code   RO         1245    i.USART_ReceiveData  stm32f10x_usart.o
    0x080016ae   0x080016ae   0x00000008   Code   RO         1248    i.USART_SendData    stm32f10x_usart.o
    0x080016b6   0x080016b6   0x00000004   Code   RO          205    i.UsageFault_Handler  stm32f10x_it.o
    0x080016ba   0x080016ba   0x00000002   PAD
    0x080016bc   0x080016bc   0x000000b4   Code   RO         1790    i.YCKey_GetNum      yckey.o
    0x08001770   0x08001770   0x0000002c   Code   RO         1791    i.YCKey_Init        yckey.o
    0x0800179c   0x0800179c   0x00000020   Code   RO         3117    i.__0printf         mc_w.l(printfa.o)
    0x080017bc   0x080017bc   0x0000000e   Code   RO         3199    i.__scatterload_copy  mc_w.l(handlers.o)
    0x080017ca   0x080017ca   0x00000002   Code   RO         3200    i.__scatterload_null  mc_w.l(handlers.o)
    0x080017cc   0x080017cc   0x0000000e   Code   RO         3201    i.__scatterload_zeroinit  mc_w.l(handlers.o)
    0x080017da   0x080017da   0x00000002   PAD
    0x080017dc   0x080017dc   0x00000184   Code   RO         3124    i._fp_digits        mc_w.l(printfa.o)
    0x08001960   0x08001960   0x000006dc   Code   RO         3125    i._printf_core      mc_w.l(printfa.o)
    0x0800203c   0x0800203c   0x00000024   Code   RO         3126    i._printf_post_padding  mc_w.l(printfa.o)
    0x08002060   0x08002060   0x0000002e   Code   RO         3127    i._printf_pre_padding  mc_w.l(printfa.o)
    0x0800208e   0x0800208e   0x00000002   PAD
    0x08002090   0x08002090   0x00000040   Code   RO         1852    i.delay_ms          systick.o
    0x080020d0   0x080020d0   0x00000048   Code   RO         1853    i.delay_us          systick.o
    0x08002118   0x08002118   0x00000024   Code   RO         1901    i.fputc             usart.o
    0x0800213c   0x0800213c   0x000001bc   Code   RO            2    i.key_task          main.o
    0x080022f8   0x080022f8   0x0000004c   Code   RO            3    i.main              main.o
    0x08002344   0x08002344   0x000000e0   Code   RO            4    i.oled_task         main.o
    0x08002424   0x08002424   0x000000c0   Code   RO         2396    i.prvAddCurrentTaskToDelayedList  tasks.o
    0x080024e4   0x080024e4   0x000000e4   Code   RO         2397    i.prvAddNewTaskToReadyList  tasks.o
    0x080025c8   0x080025c8   0x00000048   Code   RO         2398    i.prvCheckTasksWaitingTermination  tasks.o
    0x08002610   0x08002610   0x0000007e   Code   RO         2076    i.prvCopyDataToQueue  queue.o
    0x0800268e   0x0800268e   0x00000012   Code   RO         2399    i.prvDeleteTCB      tasks.o
    0x080026a0   0x080026a0   0x00000014   Code   RO         2077    i.prvGetDisinheritPriorityAfterTimeout  queue.o
    0x080026b4   0x080026b4   0x0000007c   Code   RO         2734    i.prvHeapInit       heap_4.o
    0x08002730   0x08002730   0x00000028   Code   RO         2400    i.prvIdleTask       tasks.o
    0x08002758   0x08002758   0x0000001e   Code   RO         2078    i.prvInitialiseMutex  queue.o
    0x08002776   0x08002776   0x00000026   Code   RO         2079    i.prvInitialiseNewQueue  queue.o
    0x0800279c   0x0800279c   0x000000e8   Code   RO         2401    i.prvInitialiseNewTask  tasks.o
    0x08002884   0x08002884   0x00000068   Code   RO         2402    i.prvInitialiseTaskLists  tasks.o
    0x080028ec   0x080028ec   0x00000068   Code   RO         2735    i.prvInsertBlockIntoFreeList  heap_4.o
    0x08002954   0x08002954   0x0000001a   Code   RO         2080    i.prvIsQueueEmpty   queue.o
    0x0800296e   0x0800296e   0x0000001e   Code   RO         2081    i.prvIsQueueFull    queue.o
    0x0800298c   0x0800298c   0x00000030   Code   RO         2403    i.prvResetNextTaskUnblockTime  tasks.o
    0x080029bc   0x080029bc   0x0000006c   Code   RO         2791    i.prvTaskExitError  port.o
    0x08002a28   0x08002a28   0x00000074   Code   RO         2404    i.prvTaskIsTaskSuspended  tasks.o
    0x08002a9c   0x08002a9c   0x0000007e   Code   RO         2082    i.prvUnlockQueue    queue.o
    0x08002b1a   0x08002b1a   0x00000002   PAD
    0x08002b1c   0x08002b1c   0x0000017c   Code   RO         2736    i.pvPortMalloc      heap_4.o
    0x08002c98   0x08002c98   0x00000020   Code   RO         2405    i.pvTaskIncrementMutexHeldCount  tasks.o
    0x08002cb8   0x08002cb8   0x00000024   Code   RO         2792    i.pxPortInitialiseStack  port.o
    0x08002cdc   0x08002cdc   0x00000078   Code   RO            5    i.run12h_task       main.o
    0x08002d54   0x08002d54   0x0000007c   Code   RO            6    i.run60s_task       main.o
    0x08002dd0   0x08002dd0   0x000000c8   Code   RO            7    i.start_task        main.o
    0x08002e98   0x08002e98   0x00000028   Code   RO         2035    i.uxListRemove      list.o
    0x08002ec0   0x08002ec0   0x0000001a   Code   RO         2036    i.vListInitialise   list.o
    0x08002eda   0x08002eda   0x00000006   Code   RO         2037    i.vListInitialiseItem  list.o
    0x08002ee0   0x08002ee0   0x00000034   Code   RO         2038    i.vListInsert       list.o
    0x08002f14   0x08002f14   0x00000018   Code   RO         2039    i.vListInsertEnd    list.o
    0x08002f2c   0x08002f2c   0x00000084   Code   RO         2794    i.vPortEnterCritical  port.o
    0x08002fb0   0x08002fb0   0x0000006c   Code   RO         2795    i.vPortExitCritical  port.o
    0x0800301c   0x0800301c   0x000000c4   Code   RO         2737    i.vPortFree         heap_4.o
    0x080030e0   0x080030e0   0x00000018   Code   RO         2796    i.vPortSetupTimerInterrupt  port.o
    0x080030f8   0x080030f8   0x00000074   Code   RO         2412    i.vTaskDelay        tasks.o
    0x0800316c   0x0800316c   0x00000114   Code   RO         2413    i.vTaskDelete       tasks.o
    0x08003280   0x08003280   0x00000018   Code   RO         2416    i.vTaskInternalSetTimeOutState  tasks.o
    0x08003298   0x08003298   0x0000000c   Code   RO         2417    i.vTaskMissedYield  tasks.o
    0x080032a4   0x080032a4   0x00000054   Code   RO         2418    i.vTaskPlaceOnEventList  tasks.o
    0x080032f8   0x080032f8   0x00000128   Code   RO         2420    i.vTaskPriorityDisinheritAfterTimeout  tasks.o
    0x08003420   0x08003420   0x000000e0   Code   RO         2423    i.vTaskResume       tasks.o
    0x08003500   0x08003500   0x000000ac   Code   RO         2425    i.vTaskStartScheduler  tasks.o
    0x080035ac   0x080035ac   0x0000011c   Code   RO         2426    i.vTaskSuspend      tasks.o
    0x080036c8   0x080036c8   0x00000010   Code   RO         2427    i.vTaskSuspendAll   tasks.o
    0x080036d8   0x080036d8   0x000000a8   Code   RO         2428    i.vTaskSwitchContext  tasks.o
    0x08003780   0x08003780   0x0000013c   Code   RO         2798    i.xPortStartScheduler  port.o
    0x080038bc   0x080038bc   0x00000022   Code   RO         2089    i.xQueueCreateMutex  queue.o
    0x080038de   0x080038de   0x00000002   PAD
    0x080038e0   0x080038e0   0x00000080   Code   RO         2090    i.xQueueGenericCreate  queue.o
    0x08003960   0x08003960   0x000000ec   Code   RO         2091    i.xQueueGenericReset  queue.o
    0x08003a4c   0x08003a4c   0x000001a4   Code   RO         2092    i.xQueueGenericSend  queue.o
    0x08003bf0   0x08003bf0   0x000001b4   Code   RO         2101    i.xQueueSemaphoreTake  queue.o
    0x08003da4   0x08003da4   0x000000a0   Code   RO         2430    i.xTaskCheckForTimeOut  tasks.o
    0x08003e44   0x08003e44   0x00000060   Code   RO         2431    i.xTaskCreate       tasks.o
    0x08003ea4   0x08003ea4   0x00000020   Code   RO         2438    i.xTaskGetSchedulerState  tasks.o
    0x08003ec4   0x08003ec4   0x000001d4   Code   RO         2441    i.xTaskIncrementTick  tasks.o
    0x08004098   0x08004098   0x00000100   Code   RO         2442    i.xTaskPriorityDisinherit  tasks.o
    0x08004198   0x08004198   0x000000ec   Code   RO         2443    i.xTaskPriorityInherit  tasks.o
    0x08004284   0x08004284   0x0000013c   Code   RO         2444    i.xTaskRemoveFromEventList  tasks.o
    0x080043c0   0x080043c0   0x00000190   Code   RO         2445    i.xTaskResumeAll    tasks.o
    0x08004550   0x08004550   0x000005f0   Data   RO         1695    .constdata          oled.o
    0x08004b40   0x08004b40   0x0000000c   Data   RO         2874    .constdata          mc_w.l(mktime.o)
    0x08004b4c   0x08004b4c   0x0000000c   Data   RO         3180    .constdata          mc_w.l(localtime_i.o)
    0x08004b58   0x08004b58   0x00000020   Data   RO         3197    Region$$Table       anon$$obj.o


    Execution Region RW_IRAM1 (Exec base: 0x20000000, Load base: 0x08004b78, Size: 0x000030a8, Max: 0x00005000, ABSOLUTE)

    Exec Addr    Load Addr    Size         Type   Attr      Idx    E Section Name        Object

    0x20000000   0x08004b78   0x00000020   Data   RW            8    .data               main.o
    0x20000020   0x08004b98   0x00000014   Data   RW          421    .data               stm32f10x_rcc.o
    0x20000034   0x08004bac   0x00000014   Data   RW         1639    .data               system_stm32f10x.o
    0x20000048   0x08004bc0   0x00000001   Data   RW         1792    .data               yckey.o
    0x20000049   0x08004bc1   0x00000001   PAD
    0x2000004a   0x08004bc2   0x0000000c   Data   RW         1815    .data               myrtc.o
    0x20000056   0x08004bce   0x00000004   Data   RW         1855    .data               systick.o
    0x2000005a   0x08004bd2   0x00000002   Data   RW         1903    .data               usart.o
    0x2000005c   0x08004bd4   0x00000040   Data   RW         2448    .data               tasks.o
    0x2000009c   0x08004c14   0x00000020   Data   RW         2743    .data               heap_4.o
    0x200000bc   0x08004c34   0x0000000c   Data   RW         2799    .data               port.o
    0x200000c8   0x08004c40   0x00000004   Data   RW         3167    .data               mc_w.l(stdout.o)
    0x200000cc        -       0x000000c8   Zero   RW         1902    .bss                usart.o
    0x20000194        -       0x000002e4   Zero   RW         2447    .bss                tasks.o
    0x20000478        -       0x00002800   Zero   RW         2742    .bss                heap_4.o
    0x20002c78        -       0x0000002c   Zero   RW         3177    .bss                mc_w.l(localtime_w.o)
    0x20002ca4   0x08004c44   0x00000004   PAD
    0x20002ca8        -       0x00000400   Zero   RW          267    STACK               startup_stm32f103xb.o


==============================================================================

Image component sizes


      Code (inc. data)   RO Data    RW Data    ZI Data      Debug   Object Name

         0          0          0          0          0      14496   event_groups.o
       804        178          0         32      10240       3691   heap_4.o
       148          0          0          0          0       2850   list.o
      1188        290          0         32          0     254080   main.o
       172         22          0          0          0       2073   misc.o
       264         10          0         12          0       2863   myrtc.o
       814         22       1520          0          0       7089   oled.o
       926        288          0         12          0       9208   port.o
      1650        160          0          0          0      12153   queue.o
        36          8        236          0       1024        808   startup_stm32f103xb.o
        56         10          0          0          0       2223   stm32f10x_bkp.o
       288          0          0          0          0       2552   stm32f10x_gpio.o
        20          0          0          0          0       2321   stm32f10x_it.o
        12          6          0          0          0        510   stm32f10x_pwr.o
       416         52          0         20          0       6637   stm32f10x_rcc.o
       176         34          0          0          0       3515   stm32f10x_rtc.o
       460          6          0          0          0       6731   stm32f10x_usart.o
       328         28          0         20          0       2049   system_stm32f10x.o
       228         24          0          4          0       1717   systick.o
      4718       1014          0         64        740      33982   tasks.o
       348         28          0          2        200       2148   usart.o
       224         14          0          1          0       1060   yckey.o

    ----------------------------------------------------------------------
     13292       2194       1788        200      12204     374756   Object Totals
         0          0         32          0          0          0   (incl. Generated)
        16          0          0          1          0          0   (incl. Padding)

    ----------------------------------------------------------------------

      Code (inc. data)   RO Data    RW Data    ZI Data      Debug   Library Member Name

         0          0          0          0          0          0   entry.o
         0          0          0          0          0          0   entry10a.o
         0          0          0          0          0          0   entry11a.o
         8          4          0          0          0          0   entry2.o
         4          0          0          0          0          0   entry5.o
         0          0          0          0          0          0   entry7b.o
         0          0          0          0          0          0   entry8b.o
         8          4          0          0          0          0   entry9a.o
        30          0          0          0          0          0   handlers.o
        36          8          0          0          0         68   init.o
         0          0          0          0          0          0   iusefp.o
        30          0          0          0          0         68   llshl.o
        36          0          0          0          0         68   llsshr.o
        32          0          0          0          0         68   llushr.o
       140          6         12          0          0         76   localtime_i.o
        12          6          0          0         44         68   localtime_w.o
        36          0          0          0          0         68   memcpya.o
       168         18         12          0          0         80   mktime.o
      2258         90          0          0          0        452   printfa.o
         0          0          0          4          0          0   stdout.o
        44          0          0          0          0         80   uidiv.o
        98          0          0          0          0         92   uldiv.o
        48          0          0          0          0         68   cdrcmple.o
        56          0          0          0          0         88   d2f.o
       334          0          0          0          0        148   dadd.o
       222          0          0          0          0        100   ddiv.o
       186          0          0          0          0        176   depilogue.o
        48          0          0          0          0         68   dfixul.o
       228          0          0          0          0         96   dmul.o
        38          0          0          0          0         68   f2d.o
       110          0          0          0          0        168   fepilogue.o

    ----------------------------------------------------------------------
      4216        136         24          4         48       2168   Library Totals
         6          0          0          0          4          0   (incl. Padding)

    ----------------------------------------------------------------------

      Code (inc. data)   RO Data    RW Data    ZI Data      Debug   Library Name

      2940        136         24          4         44       1188   mc_w.l
      1270          0          0          0          0        980   mf_w.l

    ----------------------------------------------------------------------
      4216        136         24          4         48       2168   Library Totals

    ----------------------------------------------------------------------

==============================================================================


      Code (inc. data)   RO Data    RW Data    ZI Data      Debug   

     17508       2330       1812        204      12252     369640   Grand Totals
     17508       2330       1812        204      12252     369640   ELF Image Totals
     17508       2330       1812        204          0          0   ROM Totals

==============================================================================

    Total RO  Size (Code + RO Data)                19320 (  18.87kB)
    Total RW  Size (RW Data + ZI Data)             12456 (  12.16kB)
    Total ROM Size (Code + RO Data + RW Data)      19524 (  19.07kB)

==============================================================================

